<html>
<body>
<pre>
<h1>�Vision Build Log</h1>
<h2>Tool Versions:</h2>
IDE-Version: ��Vision V5.43.1.0
Copyright (C) 2025 ARM Ltd and ARM Germany GmbH. All rights reserved.
License Information: yyy adminis, HP Inc., LIC=RC93N-Y7YWC-VEUHA-1UU6R-34TUH-M9S8E
 
Tool Versions:
Toolchain:       MDK-ARM Plus  Version: 5.43.0.0
Toolchain Path:  F:\Keil_v5\keil_v5\ARM\ARMCC\Bin
C Compiler:      Armcc.exe V5.06 update 7 (build 960)
Assembler:       Armasm.exe V5.06 update 7 (build 960)
Linker/Locator:  ArmLink.exe V5.06 update 7 (build 960)
Library Manager: ArmAr.exe V5.06 update 7 (build 960)
Hex Converter:   FromElf.exe V5.06 update 7 (build 960)
CPU DLL:         SARMCM3.DLL V5.43.0.0
Dialog DLL:      DCM.DLL V1.17.5.0
Target DLL:      CMSIS_AGDI.dll V1.33.24.0
Dialog DLL:      TCM.DLL V1.56.6.0
 
<h2>Project:</h2>
F:\Keil_v5\K5ALL\YSM-VISION-new\Robocon2024\MDK-ARM\Robocon2024.uvprojx
Project File Date:  06/27/2025

<h2>Output:</h2>
*** Using Compiler 'V5.06 update 7 (build 960)', folder: 'F:\Keil_v5\keil_v5\ARM\ARMCC\Bin'
Build target 'Robocon2024'
assembling startup_stm32f427xx.s...
compiling stm32f4xx_hal_timebase_tim.c...
compiling stm32f4xx_hal_pwr_ex.c...
compiling stm32f4xx_hal_flash_ramfunc.c...
compiling gpio.c...
compiling dma.c...
compiling stm32f4xx_hal_exti.c...
compiling stm32f4xx_hal_gpio.c...
compiling stm32f4xx_hal.c...
compiling stm32f4xx_it.c...
compiling stm32f4xx_hal_dma_ex.c...
compiling stm32f4xx_hal_dma.c...
compiling stm32f4xx_hal_pwr.c...
compiling stm32f4xx_hal_msp.c...
compiling stm32f4xx_hal_cortex.c...
compiling croutine.c...
compiling stm32f4xx_hal_flash_ex.c...
compiling stm32f4xx_hal_rcc_ex.c...
compiling main.c...
compiling stm32f4xx_hal_rcc.c...
compiling freertos.c...
compiling stm32f4xx_hal_tim_ex.c...
compiling stm32f4xx_hal_flash.c...
compiling usart.c...
compiling stm32f4xx_hal_tim.c...
compiling list.c...
compiling event_groups.c...
compiling stream_buffer.c...
compiling queue.c...
compiling stm32f4xx_hal_uart.c...
compiling system_stm32f4xx.c...
compiling tasks.c...
compiling heap_4.c...
compiling timers.c...
compiling port.c...
compiling app_btdebug.c...
compiling app_ebf_piddebug.c...
compiling VMC.c...
..\Lib\Src\VMC.c(12): warning:  #550-D: variable "new_F"  was set but never used
      float new_F;
..\Lib\Src\VMC.c(13): warning:  #550-D: variable "new_Fp"  was set but never used
      float new_Fp;
..\Lib\Src\VMC.c: 2 warnings, 0 errors
compiling pid.c...
compiling laser.c...
compiling Callback.c...
compiling Gait_Param.c...
compiling Vision.c...
compiling cycloid_generator.c...
compiling GO-MOTOR.c...
compiling esp.c...
compiling ultrasonic.c...
compiling jy901s.c...
compiling stanford_type.c...
..\Lib\Src\stanford_type.c(36): warning:  #550-D: variable "alpha2"  was set but never used
      float a, b, c, alpha1[2], xb[2], yb[2], d[2], e[2], f[2], alpha2[4];
..\Lib\Src\stanford_type.c: 1 warning, 0 errors
compiling serial.c...
compiling process_task.c...
compiling Ahrs_Task.c...
compiling remoctrl_task.c...
compiling Composite_Cycloid.c...
compiling Standup_Task.c...
compiling GO-M8010-6.c...
compiling cmsis_os2.c...
compiling posture_task.c...
compiling High_Angle.c...
compiling jump_task.c...
..\Task\Src\jump_task.c(581): warning:  #177-D: variable "two_frap_time"  was declared but never referenced
  				const float two_frap_time = 0.15f; //第二次前收腿
..\Task\Src\jump_task.c(582): warning:  #177-D: variable "two_jump_time"  was declared but never referenced
  				const float two_jump_time = 3.6f; //第二次后蹬腿 强拉摆正
..\Task\Src\jump_task.c: 2 warnings, 0 errors
compiling Motor_Task.c...
compiling auto_action.c...
linking...
Program Size: Code=52668 RO-data=2288 RW-data=1728 ZI-data=24896  
FromELF: creating hex file...
".\Robocon2024\Robocon2024.axf" - 0 Error(s), 5 Warning(s).

<h2>Software Packages used:</h2>

Package Vendor: ARM
                https://www.keil.com/pack/ARM.CMSIS.6.3.0.pack
                ARM::CMSIS@6.3.0
                CMSIS (Common Microcontroller Software Interface Standard)
   * Component: CORE Version: 6.2.0

Package Vendor: Keil
                https://www.keil.com/pack/Keil.STM32F4xx_DFP.2.17.1.pack
                Keil::STM32F4xx_DFP@2.17.1
                STMicroelectronics STM32F4 Series Device Support, Drivers and Examples

<h2>Collection of Component include folders:</h2>
  ./RTE/_Robocon2024
  F:/Keil_v5/Arm/ARM/CMSIS/6.3.0/CMSIS/Core/Include
  F:/Keil_v5/Arm/Keil/STM32F4xx_DFP/2.17.1/Drivers/CMSIS/Device/ST/STM32F4xx/Include

<h2>Collection of Component Files used:</h2>

   * Component: ARM::CMSIS:CORE@6.2.0
      Include file:  CMSIS/Core/Include/tz_context.h
Build Time Elapsed:  00:00:13
</pre>
</body>
</html>
