Component: ARM Compiler 5.06 update 7 (build 960) Tool: armlink [4d3601]

==============================================================================

Section Cross References

    startup_stm32f427xx.o(RESET) refers to startup_stm32f427xx.o(STACK) for __initial_sp
    startup_stm32f427xx.o(RESET) refers to startup_stm32f427xx.o(.text) for Reset_Handler
    startup_stm32f427xx.o(RESET) refers to stm32f4xx_it.o(i.NMI_Handler) for NMI_Handler
    startup_stm32f427xx.o(RESET) refers to stm32f4xx_it.o(i.HardFault_Handler) for HardFault_Handler
    startup_stm32f427xx.o(RESET) refers to stm32f4xx_it.o(i.MemManage_Handler) for MemManage_Handler
    startup_stm32f427xx.o(RESET) refers to stm32f4xx_it.o(i.BusFault_Handler) for BusFault_Handler
    startup_stm32f427xx.o(RESET) refers to stm32f4xx_it.o(i.UsageFault_Handler) for UsageFault_Handler
    startup_stm32f427xx.o(RESET) refers to port.o(.emb_text) for SVC_Handler
    startup_stm32f427xx.o(RESET) refers to stm32f4xx_it.o(i.DebugMon_Handler) for DebugMon_Handler
    startup_stm32f427xx.o(RESET) refers to cmsis_os2.o(i.SysTick_Handler) for SysTick_Handler
    startup_stm32f427xx.o(RESET) refers to stm32f4xx_it.o(i.DMA1_Stream0_IRQHandler) for DMA1_Stream0_IRQHandler
    startup_stm32f427xx.o(RESET) refers to stm32f4xx_it.o(i.DMA1_Stream1_IRQHandler) for DMA1_Stream1_IRQHandler
    startup_stm32f427xx.o(RESET) refers to stm32f4xx_it.o(i.DMA1_Stream2_IRQHandler) for DMA1_Stream2_IRQHandler
    startup_stm32f427xx.o(RESET) refers to stm32f4xx_it.o(i.DMA1_Stream3_IRQHandler) for DMA1_Stream3_IRQHandler
    startup_stm32f427xx.o(RESET) refers to stm32f4xx_it.o(i.DMA1_Stream4_IRQHandler) for DMA1_Stream4_IRQHandler
    startup_stm32f427xx.o(RESET) refers to stm32f4xx_it.o(i.DMA1_Stream6_IRQHandler) for DMA1_Stream6_IRQHandler
    startup_stm32f427xx.o(RESET) refers to stm32f4xx_it.o(i.USART1_IRQHandler) for USART1_IRQHandler
    startup_stm32f427xx.o(RESET) refers to stm32f4xx_it.o(i.UART4_IRQHandler) for UART4_IRQHandler
    startup_stm32f427xx.o(RESET) refers to stm32f4xx_it.o(i.TIM6_DAC_IRQHandler) for TIM6_DAC_IRQHandler
    startup_stm32f427xx.o(RESET) refers to stm32f4xx_it.o(i.DMA2_Stream2_IRQHandler) for DMA2_Stream2_IRQHandler
    startup_stm32f427xx.o(RESET) refers to stm32f4xx_it.o(i.DMA2_Stream5_IRQHandler) for DMA2_Stream5_IRQHandler
    startup_stm32f427xx.o(RESET) refers to stm32f4xx_it.o(i.UART7_IRQHandler) for UART7_IRQHandler
    startup_stm32f427xx.o(RESET) refers to stm32f4xx_it.o(i.UART8_IRQHandler) for UART8_IRQHandler
    startup_stm32f427xx.o(.text) refers to system_stm32f4xx.o(i.SystemInit) for SystemInit
    startup_stm32f427xx.o(.text) refers to entry.o(.ARM.Collect$$$$00000000) for __main
    main.o(i.HAL_TIM_PeriodElapsedCallback) refers to stm32f4xx_hal.o(i.HAL_IncTick) for HAL_IncTick
    main.o(i.SystemClock_Config) refers to memseta.o(.text) for __aeabi_memclr4
    main.o(i.SystemClock_Config) refers to stm32f4xx_hal_rcc.o(i.HAL_RCC_OscConfig) for HAL_RCC_OscConfig
    main.o(i.SystemClock_Config) refers to main.o(i.Error_Handler) for Error_Handler
    main.o(i.SystemClock_Config) refers to stm32f4xx_hal_pwr_ex.o(i.HAL_PWREx_EnableOverDrive) for HAL_PWREx_EnableOverDrive
    main.o(i.SystemClock_Config) refers to stm32f4xx_hal_rcc.o(i.HAL_RCC_ClockConfig) for HAL_RCC_ClockConfig
    main.o(i.main) refers to stm32f4xx_hal.o(i.HAL_Init) for HAL_Init
    main.o(i.main) refers to main.o(i.SystemClock_Config) for SystemClock_Config
    main.o(i.main) refers to gpio.o(i.MX_GPIO_Init) for MX_GPIO_Init
    main.o(i.main) refers to dma.o(i.MX_DMA_Init) for MX_DMA_Init
    main.o(i.main) refers to usart.o(i.MX_USART6_UART_Init) for MX_USART6_UART_Init
    main.o(i.main) refers to usart.o(i.MX_UART4_Init) for MX_UART4_Init
    main.o(i.main) refers to usart.o(i.MX_UART7_Init) for MX_UART7_Init
    main.o(i.main) refers to usart.o(i.USART1_Init) for USART1_Init
    main.o(i.main) refers to stm32f4xx_hal.o(i.HAL_Delay) for HAL_Delay
    main.o(i.main) refers to jy901s.o(i.JY901_Init) for JY901_Init
    main.o(i.main) refers to go-motor.o(i.Motor_Init) for Motor_Init
    main.o(i.main) refers to laser.o(i.Laser_Process_Init) for Laser_Process_Init
    main.o(i.main) refers to serial.o(i.RC_Start) for RC_Start
    main.o(i.main) refers to vision.o(i.USART_VisionInit) for USART_VisionInit
    main.o(i.main) refers to go-m8010-6.o(i.SERVO_Send_recv) for SERVO_Send_recv
    main.o(i.main) refers to cmsis_os2.o(i.osKernelInitialize) for osKernelInitialize
    main.o(i.main) refers to freertos.o(i.MX_FREERTOS_Init) for MX_FREERTOS_Init
    main.o(i.main) refers to cmsis_os2.o(i.osKernelStart) for osKernelStart
    main.o(i.main) refers to laser.o(.bss) for ch4
    main.o(i.main) refers to vision.o(.bss) for vision_Data
    main.o(i.main) refers to go-motor.o(.bss) for Motor_R
    main.o(i.main) refers to standup_task.o(.bss) for Initial_Angle
    gpio.o(i.MX_GPIO_Init) refers to memseta.o(.text) for __aeabi_memclr4
[...]
    USART3_IRQHandler                        0x0800029f   Thumb Code     0  startup_stm32f427xx.o(.text)
    USART6_IRQHandler                        0x0800029f   Thumb Code     0  startup_stm32f427xx.o(.text)
    WWDG_IRQHandler                          0x0800029f   Thumb Code     0  startup_stm32f427xx.o(.text)
    __aeabi_uldivmod                         0x080002a9   Thumb Code    98  uldiv.o(.text)
    __aeabi_memcpy                           0x0800030b   Thumb Code    36  memcpya.o(.text)
    __aeabi_memcpy4                          0x0800030b   Thumb Code     0  memcpya.o(.text)
    __aeabi_memcpy8                          0x0800030b   Thumb Code     0  memcpya.o(.text)
    __aeabi_memset                           0x0800032f   Thumb Code    14  memseta.o(.text)
    __aeabi_memset4                          0x0800032f   Thumb Code     0  memseta.o(.text)
    __aeabi_memset8                          0x0800032f   Thumb Code     0  memseta.o(.text)
    __aeabi_memclr                           0x0800033d   Thumb Code     4  memseta.o(.text)
    __aeabi_memclr4                          0x0800033d   Thumb Code     0  memseta.o(.text)
    __aeabi_memclr8                          0x0800033d   Thumb Code     0  memseta.o(.text)
    memset                                   0x08000341   Thumb Code    18  memseta.o(.text)
    __aeabi_dadd                             0x08000353   Thumb Code   322  dadd.o(.text)
    __aeabi_dsub                             0x08000495   Thumb Code     6  dadd.o(.text)
    __aeabi_drsub                            0x0800049b   Thumb Code     6  dadd.o(.text)
    __aeabi_dmul                             0x080004a1   Thumb Code   228  dmul.o(.text)
    __aeabi_ddiv                             0x08000585   Thumb Code   222  ddiv.o(.text)
    __aeabi_i2d                              0x08000663   Thumb Code    34  dflti.o(.text)
    __aeabi_ui2d                             0x08000685   Thumb Code    26  dfltui.o(.text)
    __aeabi_d2iz                             0x0800069f   Thumb Code    62  dfixi.o(.text)
    __aeabi_f2d                              0x080006dd   Thumb Code    38  f2d.o(.text)
    __aeabi_cdrcmple                         0x08000705   Thumb Code    48  cdrcmple.o(.text)
    __aeabi_d2f                              0x08000735   Thumb Code    56  d2f.o(.text)
    __aeabi_llsl                             0x0800076d   Thumb Code    30  llshl.o(.text)
    _ll_shift_l                              0x0800076d   Thumb Code     0  llshl.o(.text)
    __aeabi_llsr                             0x0800078b   Thumb Code    32  llushr.o(.text)
    _ll_ushift_r                             0x0800078b   Thumb Code     0  llushr.o(.text)
    __aeabi_lasr                             0x080007ab   Thumb Code    36  llsshr.o(.text)
    _ll_sshift_r                             0x080007ab   Thumb Code     0  llsshr.o(.text)
    __I$use$fp                               0x080007cf   Thumb Code     0  iusefp.o(.text)
    _float_round                             0x080007cf   Thumb Code    18  fepilogue.o(.text)
    _float_epilogue                          0x080007e1   Thumb Code    92  fepilogue.o(.text)
    _frem                                    0x0800083d   Thumb Code    82  frem.o(.text)
    _double_round                            0x0800088f   Thumb Code    30  depilogue.o(.text)
    _double_epilogue                         0x080008ad   Thumb Code   156  depilogue.o(.text)
    __ARM_scalbn                             0x08000949   Thumb Code    46  dscalb.o(.text)
    scalbn                                   0x08000949   Thumb Code     0  dscalb.o(.text)
    _dsqrt                                   0x08000977   Thumb Code   162  dsqrt.o(.text)
    __scatterload                            0x08000a19   Thumb Code    28  init.o(.text)
    __scatterload_rt2                        0x08000a19   Thumb Code     0  init.o(.text)
    __decompress                             0x08000a3d   Thumb Code     0  __dczerorl2.o(.text)
    __decompress1                            0x08000a3d   Thumb Code    86  __dczerorl2.o(.text)
    AHRS_Task                                0x08000a95   Thumb Code    38  ahrs_task.o(i.AHRS_Task)
    BusFault_Handler                         0x08000acd   Thumb Code     4  stm32f4xx_it.o(i.BusFault_Handler)
    CHANGE_HIGH                              0x08000ad1   Thumb Code   304  standup_task.o(i.CHANGE_HIGH)
    CHANGE_KPW                               0x08000c2d   Thumb Code    32  standup_task.o(i.CHANGE_KPW)
    CalculateChecksum                        0x08000c51   Thumb Code    32  laser.o(i.CalculateChecksum)
    Calculate_Gait                           0x08000c71   Thumb Code  1238  posture_task.o(i.Calculate_Gait)
    Change_Angle                             0x08001159   Thumb Code   124  high_angle.o(i.Change_Angle)
    Change_NowState                          0x080011f9   Thumb Code    44  posture_task.o(i.Change_NowState)
    Change_RmVAL                             0x08001231   Thumb Code   904  remoctrl_task.o(i.Change_RmVAL)
    CopeSerial2Data                          0x080015c1   Thumb Code   678  jy901s.o(i.CopeSerial2Data)
    Ctrl_byRemoctrl                          0x0800189d   Thumb Code   718  remoctrl_task.o(i.Ctrl_byRemoctrl)
    Cycloid_Generator_Calc                   0x08001bad   Thumb Code   520  cycloid_generator.o(i.Cycloid_Generator_Calc)
    DMA1_Stream0_IRQHandler                  0x08001dcd   Thumb Code    18  stm32f4xx_it.o(i.DMA1_Stream0_IRQHandler)
    DMA1_Stream1_IRQHandler                  0x08001de9   Thumb Code    10  stm32f4xx_it.o(i.DMA1_Stream1_IRQHandler)
    DMA1_Stream2_IRQHandler                  0x08001df9   Thumb Code    10  stm32f4xx_it.o(i.DMA1_Stream2_IRQHandler)
    DMA1_Stream3_IRQHandler                  0x08001e09   Thumb Code    10  stm32f4xx_it.o(i.DMA1_Stream3_IRQHandler)
    DMA1_Stream4_IRQHandler                  0x08001e19   Thumb Code    10  stm32f4xx_it.o(i.DMA1_Stream4_IRQHandler)
    DMA1_Stream6_IRQHandler                  0x08001e29   Thumb Code    10  stm32f4xx_it.o(i.DMA1_Stream6_IRQHandler)
    DMA2_Stream2_IRQHandler                  0x08001e39   Thumb Code    10  stm32f4xx_it.o(i.DMA2_Stream2_IRQHandler)
    DMA2_Stream5_IRQHandler                  0x08001e49   Thumb Code    10  stm32f4xx_it.o(i.DMA2_Stream5_IRQHandler)
    DebugMon_Handler                         0x08001f63   Thumb Code     2  stm32f4xx_it.o(i.DebugMon_Handler)
    Error_Handler                            0x08001f65   Thumb Code     6  main.o(i.Error_Handler)
    GO_motor_position                        0x08001f6d   Thumb Code    52  go-motor.o(i.GO_motor_position)
    HAL_DMA_Abort                            0x08001fa9   Thumb Code   172  stm32f4xx_hal_dma.o(i.HAL_DMA_Abort)
    HAL_DMA_Abort_IT                         0x08002055   Thumb Code    40  stm32f4xx_hal_dma.o(i.HAL_DMA_Abort_IT)
    HAL_DMA_IRQHandler                       0x0800207d   Thumb Code   570  stm32f4xx_hal_dma.o(i.HAL_DMA_IRQHandler)
    HAL_DMA_Init                             0x080022bd   Thumb Code   232  stm32f4xx_hal_dma.o(i.HAL_DMA_Init)
    HAL_DMA_Start_IT                         0x080023a9   Thumb Code   146  stm32f4xx_hal_dma.o(i.HAL_DMA_Start_IT)
    HAL_Delay                                0x0800243d   Thumb Code    36  stm32f4xx_hal.o(i.HAL_Delay)
    HAL_GPIO_Init                            0x08002465   Thumb Code   472  stm32f4xx_hal_gpio.o(i.HAL_GPIO_Init)
    HAL_GPIO_WritePin                        0x08002671   Thumb Code    12  stm32f4xx_hal_gpio.o(i.HAL_GPIO_WritePin)
    HAL_GetTick                              0x0800267d   Thumb Code     6  stm32f4xx_hal.o(i.HAL_GetTick)
    HAL_IncTick                              0x08002689   Thumb Code    16  stm32f4xx_hal.o(i.HAL_IncTick)
    HAL_Init                                 0x080026a1   Thumb Code    54  stm32f4xx_hal.o(i.HAL_Init)
    HAL_InitTick                             0x080026dd   Thumb Code   122  stm32f4xx_hal_timebase_tim.o(i.HAL_InitTick)
    HAL_MspInit                              0x08002769   Thumb Code    78  stm32f4xx_hal_msp.o(i.HAL_MspInit)
    HAL_NVIC_EnableIRQ                       0x080027bd   Thumb Code    32  stm32f4xx_hal_cortex.o(i.HAL_NVIC_EnableIRQ)
    HAL_NVIC_SetPriority                     0x080027dd   Thumb Code   124  stm32f4xx_hal_cortex.o(i.HAL_NVIC_SetPriority)
    HAL_NVIC_SetPriorityGrouping             0x08002859   Thumb Code    32  stm32f4xx_hal_cortex.o(i.HAL_NVIC_SetPriorityGrouping)
    HAL_PWREx_EnableOverDrive                0x08002881   Thumb Code   128  stm32f4xx_hal_pwr_ex.o(i.HAL_PWREx_EnableOverDrive)
    HAL_RCC_ClockConfig                      0x0800290d   Thumb Code   368  stm32f4xx_hal_rcc.o(i.HAL_RCC_ClockConfig)
    HAL_RCC_GetClockConfig                   0x08002a91   Thumb Code    58  stm32f4xx_hal_rcc.o(i.HAL_RCC_GetClockConfig)
    HAL_RCC_GetHCLKFreq                      0x08002ad5   Thumb Code     6  stm32f4xx_hal_rcc.o(i.HAL_RCC_GetHCLKFreq)
    HAL_RCC_GetPCLK1Freq                     0x08002ae1   Thumb Code    22  stm32f4xx_hal_rcc.o(i.HAL_RCC_GetPCLK1Freq)
    HAL_RCC_GetPCLK2Freq                     0x08002b01   Thumb Code    22  stm32f4xx_hal_rcc.o(i.HAL_RCC_GetPCLK2Freq)
    HAL_RCC_GetSysClockFreq                  0x08002b21   Thumb Code   162  stm32f4xx_hal_rcc.o(i.HAL_RCC_GetSysClockFreq)
    HAL_RCC_OscConfig                        0x08002bd1   Thumb Code  1172  stm32f4xx_hal_rcc.o(i.HAL_RCC_OscConfig)
    HAL_TIMEx_BreakCallback                  0x0800306d   Thumb Code     2  stm32f4xx_hal_tim_ex.o(i.HAL_TIMEx_BreakCallback)
    HAL_TIMEx_CommutCallback                 0x0800306f   Thumb Code     2  stm32f4xx_hal_tim_ex.o(i.HAL_TIMEx_CommutCallback)
    HAL_TIM_Base_Init                        0x08003071   Thumb Code   102  stm32f4xx_hal_tim.o(i.HAL_TIM_Base_Init)
    HAL_TIM_Base_MspInit                     0x080030d7   Thumb Code     2  stm32f4xx_hal_tim.o(i.HAL_TIM_Base_MspInit)
    HAL_TIM_Base_Start_IT                    0x080030d9   Thumb Code   138  stm32f4xx_hal_tim.o(i.HAL_TIM_Base_Start_IT)
    HAL_TIM_IC_CaptureCallback               0x08003181   Thumb Code     2  stm32f4xx_hal_tim.o(i.HAL_TIM_IC_CaptureCallback)
    HAL_TIM_IRQHandler                       0x08003183   Thumb Code   406  stm32f4xx_hal_tim.o(i.HAL_TIM_IRQHandler)
    HAL_TIM_OC_DelayElapsedCallback          0x08003319   Thumb Code     2  stm32f4xx_hal_tim.o(i.HAL_TIM_OC_DelayElapsedCallback)
    HAL_TIM_PWM_PulseFinishedCallback        0x0800331b   Thumb Code     2  stm32f4xx_hal_tim.o(i.HAL_TIM_PWM_PulseFinishedCallback)
    HAL_TIM_PeriodElapsedCallback            0x0800331d   Thumb Code    18  main.o(i.HAL_TIM_PeriodElapsedCallback)
    HAL_TIM_TriggerCallback                  0x08003335   Thumb Code     2  stm32f4xx_hal_tim.o(i.HAL_TIM_TriggerCallback)
    HAL_UARTEx_ReceiveToIdle                 0x08003337   Thumb Code   320  stm32f4xx_hal_uart.o(i.HAL_UARTEx_ReceiveToIdle)
    HAL_UARTEx_RxEventCallback               0x08003477   Thumb Code     2  stm32f4xx_hal_uart.o(i.HAL_UARTEx_RxEventCallback)
    HAL_UART_DMAStop                         0x08003479   Thumb Code   138  stm32f4xx_hal_uart.o(i.HAL_UART_DMAStop)
    HAL_UART_ErrorCallback                   0x08003503   Thumb Code     2  stm32f4xx_hal_uart.o(i.HAL_UART_ErrorCallback)
    HAL_UART_IRQHandler                      0x08003505   Thumb Code   732  stm32f4xx_hal_uart.o(i.HAL_UART_IRQHandler)
    HAL_UART_Init                            0x080037e5   Thumb Code   114  stm32f4xx_hal_uart.o(i.HAL_UART_Init)
    HAL_UART_MspInit                         0x08003859   Thumb Code  1226  usart.o(i.HAL_UART_MspInit)
    HAL_UART_Receive                         0x08003d35   Thumb Code   220  stm32f4xx_hal_uart.o(i.HAL_UART_Receive)
    HAL_UART_Receive_DMA                     0x08003e11   Thumb Code    66  stm32f4xx_hal_uart.o(i.HAL_UART_Receive_DMA)
    HAL_UART_RxCpltCallback                  0x08003e55   Thumb Code   114  callback.o(i.HAL_UART_RxCpltCallback)
    HAL_UART_RxHalfCpltCallback              0x08003ef1   Thumb Code     2  stm32f4xx_hal_uart.o(i.HAL_UART_RxHalfCpltCallback)
    HAL_UART_Transmit                        0x08003ef3   Thumb Code   210  stm32f4xx_hal_uart.o(i.HAL_UART_Transmit)
    HAL_UART_Transmit_DMA                    0x08003fc5   Thumb Code   160  stm32f4xx_hal_uart.o(i.HAL_UART_Transmit_DMA)
    HAL_UART_TxCpltCallback                  0x08004071   Thumb Code     2  stm32f4xx_hal_uart.o(i.HAL_UART_TxCpltCallback)
    HAL_UART_TxHalfCpltCallback              0x08004073   Thumb Code     2  stm32f4xx_hal_uart.o(i.HAL_UART_TxHalfCpltCallback)
    HardFault_Handler                        0x08004075   Thumb Code     4  stm32f4xx_it.o(i.HardFault_Handler)
    JUMP_BACK_Limit                          0x08004079   Thumb Code    42  jump_task.o(i.JUMP_BACK_Limit)
    JUMP_FORWARD_Limit                       0x080040a9   Thumb Code    42  jump_task.o(i.JUMP_FORWARD_Limit)
    JY901_Init                               0x080040d9   Thumb Code   124  jy901s.o(i.JY901_Init)
    JY901_Read                               0x08004171   Thumb Code    78  jy901s.o(i.JY901_Read)
    JY901_sendcmd                            0x080041c5   Thumb Code    16  jy901s.o(i.JY901_sendcmd)
    Jump_OnlyOnce                            0x080041d9   Thumb Code  4790  jump_task.o(i.Jump_OnlyOnce)
    Jump_Task                                0x080054ad   Thumb Code    52  jump_task.o(i.Jump_Task)
    Laser_DecodeDate                         0x080054ed   Thumb Code   254  laser.o(i.Laser_DecodeDate)
    Laser_Process_Init                       0x080055f9   Thumb Code    32  laser.o(i.Laser_Process_Init)
    MX_DMA_Init                              0x08005621   Thumb Code   146  dma.o(i.MX_DMA_Init)
    MX_FREERTOS_Init                         0x080056b9   Thumb Code   102  freertos.o(i.MX_FREERTOS_Init)
    MX_GPIO_Init                             0x08005775   Thumb Code   428  gpio.o(i.MX_GPIO_Init)
    MX_UART4_Init                            0x0800593d   Thumb Code    56  usart.o(i.MX_UART4_Init)
    MX_UART7_Init                            0x08005981   Thumb Code    56  usart.o(i.MX_UART7_Init)
    MX_USART6_UART_Init                      0x080059c5   Thumb Code    44  usart.o(i.MX_USART6_UART_Init)
    MemManage_Handler                        0x080059fd   Thumb Code     4  stm32f4xx_it.o(i.MemManage_Handler)
    Motor_Init                               0x08005a01   Thumb Code   368  go-motor.o(i.Motor_Init)
    Motor_Task                               0x08005b9d   Thumb Code   928  motor_task.o(i.Motor_Task)
    NMI_Handler                              0x08005f79   Thumb Code     4  stm32f4xx_it.o(i.NMI_Handler)
    PID_Init                                 0x08005f7d   Thumb Code    56  pid.o(i.PID_Init)
    Polar_setCoord                           0x08005fb5   Thumb Code   270  jump_task.o(i.Polar_setCoord)
    Polar_toCartesian                        0x080060d9   Thumb Code   104  stanford_type.o(i.Polar_toCartesian)
    Posture_Task                             0x08006149   Thumb Code   386  posture_task.o(i.Posture_Task)
    Process_Task                             0x08006309   Thumb Code    24  process_task.o(i.Process_Task)
    RC_Start                                 0x08006329   Thumb Code    14  serial.o(i.RC_Start)
    RC_Transform                             0x08006341   Thumb Code   180  serial.o(i.RC_Transform)
    RemoCtrl_Data_Handle                     0x080063f5   Thumb Code    14  serial.o(i.RemoCtrl_Data_Handle)
    RemoCtrl_Task                            0x08006409   Thumb Code    26  remoctrl_task.o(i.RemoCtrl_Task)
    SERVO_Send_recv                          0x0800642d   Thumb Code   154  go-m8010-6.o(i.SERVO_Send_recv)
    Setdown                                  0x080064d1   Thumb Code    94  standup_task.o(i.Setdown)
    Standup_Task                             0x08006551   Thumb Code   364  standup_task.o(i.Standup_Task)
    Stanford_Type_Lite_Init                  0x08006705   Thumb Code    10  main.o(i.Stanford_Type_Lite_Init)
    Stanford_Type_Lite_Inverse_Kinematics    0x08006711   Thumb Code   218  stanford_type.o(i.Stanford_Type_Lite_Inverse_Kinematics)
    Stanford_Type_Lite_SetPosition           0x080067f1   Thumb Code    10  main.o(i.Stanford_Type_Lite_SetPosition)
    SysTick_Handler                          0x080067fb   Thumb Code    22  cmsis_os2.o(i.SysTick_Handler)
    SystemClock_Config                       0x08006811   Thumb Code   180  main.o(i.SystemClock_Config)
    SystemInit                               0x080068cd   Thumb Code    14  system_stm32f4xx.o(i.SystemInit)
    TIM6_DAC_IRQHandler                      0x080068e1   Thumb Code    10  stm32f4xx_it.o(i.TIM6_DAC_IRQHandler)
    TIM_Base_SetConfig                       0x080068f1   Thumb Code   170  stm32f4xx_hal_tim.o(i.TIM_Base_SetConfig)
    Target_toMotor                           0x080069c9   Thumb Code   302  posture_task.o(i.Target_toMotor)
    UART4_IRQHandler                         0x08006b19   Thumb Code    10  stm32f4xx_it.o(i.UART4_IRQHandler)
    UART7_IRQHandler                         0x08006b29   Thumb Code    10  stm32f4xx_it.o(i.UART7_IRQHandler)
    UART8_DMA_Config                         0x08006b39   Thumb Code   202  usart.o(i.UART8_DMA_Config)
    UART8_IRQHandler                         0x08006c19   Thumb Code    10  stm32f4xx_it.o(i.UART8_IRQHandler)
    UART8_Init                               0x08006c29   Thumb Code    54  usart.o(i.UART8_Init)
    UART_Start_Receive_DMA                   0x080071dd   Thumb Code   192  stm32f4xx_hal_uart.o(i.UART_Start_Receive_DMA)
    USART1_DMA_Config                        0x0800739d   Thumb Code   118  usart.o(i.USART1_DMA_Config)
    USART1_IRQHandler                        0x08007425   Thumb Code    10  stm32f4xx_it.o(i.USART1_IRQHandler)
    USART1_Init                              0x08007435   Thumb Code    42  usart.o(i.USART1_Init)
    USART_VisionInit                         0x0800746d   Thumb Code    48  vision.o(i.USART_VisionInit)
    UsageFault_Handler                       0x080074a1   Thumb Code     4  stm32f4xx_it.o(i.UsageFault_Handler)
    VMC_TargetToMotor                        0x080074a5   Thumb Code    18  posture_task.o(i.VMC_TargetToMotor)
    Vision_DealDate                          0x080074bd   Thumb Code   212  vision.o(i.Vision_DealDate)
    Vision_ReadDate                          0x080075a5   Thumb Code   222  vision.o(i.Vision_ReadDate)
    _UART_Receive_Bytes                      0x08007691   Thumb Code    20  remoctrl_task.o(i._UART_Receive_Bytes)
    _UART_Transmit_Bytes                     0x080076a9   Thumb Code    20  remoctrl_task.o(i._UART_Transmit_Bytes)
    __ARM_fpclassify                         0x080076c1   Thumb Code    48  fpclassify.o(i.__ARM_fpclassify)
    __ARM_fpclassifyf                        0x080076f1   Thumb Code    38  fpclassifyf.o(i.__ARM_fpclassifyf)
    __hardfp_acos                            0x08007759   Thumb Code   738  acos.o(i.__hardfp_acos)
    __hardfp_acosf                           0x08007ab1   Thumb Code   234  acosf.o(i.__hardfp_acosf)
    __hardfp_asin                            0x08007bc9   Thumb Code   770  asin.o(i.__hardfp_asin)
    __hardfp_asinf                           0x08007f29   Thumb Code   258  asinf.o(i.__hardfp_asinf)
    __hardfp_atan                            0x08008059   Thumb Code   622  atan.o(i.__hardfp_atan)
    __hardfp_cos                             0x08008331   Thumb Code   180  cos.o(i.__hardfp_cos)
    __hardfp_cosf                            0x080083f9   Thumb Code   280  cosf.o(i.__hardfp_cosf)
    __hardfp_fmodf                           0x08008549   Thumb Code   176  fmodf.o(i.__hardfp_fmodf)
    __hardfp_pow                             0x080085f9   Thumb Code  3072  pow.o(i.__hardfp_pow)
    __hardfp_sin                             0x08009249   Thumb Code   180  sin.o(i.__hardfp_sin)
    __hardfp_sinf                            0x08009311   Thumb Code   344  sinf.o(i.__hardfp_sinf)
    __hardfp_sqrtf                           0x080094a1   Thumb Code    58  sqrtf.o(i.__hardfp_sqrtf)
    __ieee754_rem_pio2                       0x080094e1   Thumb Code   938  rred.o(i.__ieee754_rem_pio2)
    __kernel_cos                             0x08009919   Thumb Code   322  cos_i.o(i.__kernel_cos)
    __kernel_poly                            0x08009a89   Thumb Code   248  poly.o(i.__kernel_poly)
    __kernel_sin                             0x08009b81   Thumb Code   280  sin_i.o(i.__kernel_sin)
    __mathlib_dbl_divzero                    0x08009cb1   Thumb Code    28  dunder.o(i.__mathlib_dbl_divzero)
    __mathlib_dbl_infnan                     0x08009ce1   Thumb Code    20  dunder.o(i.__mathlib_dbl_infnan)
    __mathlib_dbl_infnan2                    0x08009cf5   Thumb Code    20  dunder.o(i.__mathlib_dbl_infnan2)
    __mathlib_dbl_invalid                    0x08009d09   Thumb Code    24  dunder.o(i.__mathlib_dbl_invalid)
    __mathlib_dbl_overflow                   0x08009d29   Thumb Code    24  dunder.o(i.__mathlib_dbl_overflow)
    __mathlib_dbl_underflow                  0x08009d49   Thumb Code    24  dunder.o(i.__mathlib_dbl_underflow)
    __mathlib_flt_infnan                     0x08009d69   Thumb Code     6  funder.o(i.__mathlib_flt_infnan)
    __mathlib_flt_invalid                    0x08009d71   Thumb Code    10  funder.o(i.__mathlib_flt_invalid)
    __mathlib_flt_underflow                  0x08009d81   Thumb Code    10  funder.o(i.__mathlib_flt_underflow)
    __mathlib_rredf2                         0x08009d91   Thumb Code   316  rredf.o(i.__mathlib_rredf2)
    __scatterload_copy                       0x08009ee5   Thumb Code    14  handlers.o(i.__scatterload_copy)
    __scatterload_null                       0x08009ef3   Thumb Code     2  handlers.o(i.__scatterload_null)
    __scatterload_zeroinit                   0x08009ef5   Thumb Code    14  handlers.o(i.__scatterload_zeroinit)
    __set_errno                              0x08009f05   Thumb Code     6  errno.o(i.__set_errno)
    caculate_LegRevise                       0x08009f11   Thumb Code   110  ahrs_task.o(i.caculate_LegRevise)
    extract_data                             0x08009fd5   Thumb Code   178  go-m8010-6.o(i.extract_data)
    fabs                                     0x0800a095   Thumb Code    24  fabs.o(i.fabs)
    free                                     0x0800a0ad   Thumb Code    76  malloc.o(i.free)
    get_angle                                0x0800a0fd   Thumb Code  1794  vmc.o(i.get_angle)
    main                                     0x0800a805   Thumb Code   358  main.o(i.main)
    malloc                                   0x0800a991   Thumb Code    92  malloc.o(i.malloc)
    modify_data                              0x0800a9fd   Thumb Code   486  go-m8010-6.o(i.modify_data)
    osDelay                                  0x0800ac15   Thumb Code    30  cmsis_os2.o(i.osDelay)
    osKernelInitialize                       0x0800ac35   Thumb Code    38  cmsis_os2.o(i.osKernelInitialize)
    osKernelStart                            0x0800ac61   Thumb Code    82  cmsis_os2.o(i.osKernelStart)
    osThreadNew                              0x0800acc1   Thumb Code   184  cmsis_os2.o(i.osThreadNew)
    osThreadResume                           0x0800ad79   Thumb Code    38  cmsis_os2.o(i.osThreadResume)
    osThreadSuspend                          0x0800ad9f   Thumb Code    38  cmsis_os2.o(i.osThreadSuspend)
    pvPortMalloc                             0x0800b841   Thumb Code   306  heap_4.o(i.pvPortMalloc)
    pxPortInitialiseStack                    0x0800b98d   Thumb Code    38  port.o(i.pxPortInitialiseStack)
    sqrt                                     0x0800b9b9   Thumb Code   110  sqrt.o(i.sqrt)
    sqrtf                                    0x0800ba27   Thumb Code    62  sqrtf.o(i.sqrtf)
    uxListRemove                             0x0800ba65   Thumb Code    40  list.o(i.uxListRemove)
    vApplicationGetIdleTaskMemory            0x0800ba8d   Thumb Code    14  cmsis_os2.o(i.vApplicationGetIdleTaskMemory)
    vApplicationGetTimerTaskMemory           0x0800baa5   Thumb Code    16  cmsis_os2.o(i.vApplicationGetTimerTaskMemory)
    vListInitialise                          0x0800babd   Thumb Code    26  list.o(i.vListInitialise)
    vListInitialiseItem                      0x0800bad7   Thumb Code     6  list.o(i.vListInitialiseItem)
    vListInsert                              0x0800badd   Thumb Code    52  list.o(i.vListInsert)
    vListInsertEnd                           0x0800bb11   Thumb Code    24  list.o(i.vListInsertEnd)
    vPortEnterCritical                       0x0800bb29   Thumb Code    76  port.o(i.vPortEnterCritical)
    vPortExitCritical                        0x0800bb7d   Thumb Code    56  port.o(i.vPortExitCritical)
    vPortFree                                0x0800bbb9   Thumb Code   150  heap_4.o(i.vPortFree)
    vPortSetupTimerInterrupt                 0x0800bc5d   Thumb Code    36  port.o(i.vPortSetupTimerInterrupt)
    vPortValidateInterruptPriority           0x0800bc85   Thumb Code   106  port.o(i.vPortValidateInterruptPriority)
    vQueueAddToRegistry                      0x0800bcfd   Thumb Code    38  queue.o(i.vQueueAddToRegistry)
    vQueueWaitForMessageRestricted           0x0800bd29   Thumb Code    74  queue.o(i.vQueueWaitForMessageRestricted)
    vTaskDelay                               0x0800bd75   Thumb Code    82  tasks.o(i.vTaskDelay)
    vTaskDelayUntil                          0x0800bdd1   Thumb Code   200  tasks.o(i.vTaskDelayUntil)
    vTaskInternalSetTimeOutState             0x0800bea5   Thumb Code    14  tasks.o(i.vTaskInternalSetTimeOutState)
    vTaskMissedYield                         0x0800bebd   Thumb Code     8  tasks.o(i.vTaskMissedYield)
    vTaskPlaceOnEventList                    0x0800bec9   Thumb Code    52  tasks.o(i.vTaskPlaceOnEventList)
    vTaskPlaceOnEventListRestricted          0x0800bf01   Thumb Code    60  tasks.o(i.vTaskPlaceOnEventListRestricted)
    vTaskResume                              0x0800bf41   Thumb Code   126  tasks.o(i.vTaskResume)
    vTaskStartScheduler                      0x0800bfd1   Thumb Code   156  tasks.o(i.vTaskStartScheduler)
    vTaskSuspend                             0x0800c089   Thumb Code   176  tasks.o(i.vTaskSuspend)
    vTaskSuspendAll                          0x0800c151   Thumb Code    12  tasks.o(i.vTaskSuspendAll)
    vTaskSwitchContext                       0x0800c161   Thumb Code   122  tasks.o(i.vTaskSwitchContext)
    xPortStartScheduler                      0x0800c1f1   Thumb Code   330  port.o(i.xPortStartScheduler)
    xPortSysTickHandler                      0x0800c359   Thumb Code    46  port.o(i.xPortSysTickHandler)
    xQueueGenericCreateStatic                0x0800c38d   Thumb Code   224  queue.o(i.xQueueGenericCreateStatic)
    xQueueGenericReset                       0x0800c46d   Thumb Code   146  queue.o(i.xQueueGenericReset)
    xQueueGenericSend                        0x0800c505   Thumb Code   420  queue.o(i.xQueueGenericSend)
    xQueueGenericSendFromISR                 0x0800c6ad   Thumb Code   252  queue.o(i.xQueueGenericSendFromISR)
    xQueueReceive                            0x0800c7a9   Thumb Code   356  queue.o(i.xQueueReceive)
    xTaskCheckForTimeOut                     0x0800c911   Thumb Code   132  tasks.o(i.xTaskCheckForTimeOut)
    xTaskCreate                              0x0800c99d   Thumb Code   100  tasks.o(i.xTaskCreate)
    xTaskCreateStatic                        0x0800ca01   Thumb Code   186  tasks.o(i.xTaskCreateStatic)
    xTaskGetSchedulerState                   0x0800cabd   Thumb Code    24  tasks.o(i.xTaskGetSchedulerState)
    xTaskGetTickCount                        0x0800cadd   Thumb Code     6  tasks.o(i.xTaskGetTickCount)
    xTaskIncrementTick                       0x0800cae9   Thumb Code   280  tasks.o(i.xTaskIncrementTick)
    xTaskPriorityDisinherit                  0x0800cc2d   Thumb Code   152  tasks.o(i.xTaskPriorityDisinherit)
    xTaskRemoveFromEventList                 0x0800ccd1   Thumb Code   126  tasks.o(i.xTaskRemoveFromEventList)
    xTaskResumeAll                           0x0800cd69   Thumb Code   222  tasks.o(i.xTaskResumeAll)
    xTimerCreateTimerTask                    0x0800ce6d   Thumb Code   100  timers.o(i.xTimerCreateTimerTask)
    xTimerGenericCommand                     0x0800cee5   Thumb Code   128  timers.o(i.xTimerGenericCommand)
    AHRS_attributes                          0x0800cf68   Data          36  freertos.o(.constdata)
    RemoCtrl_attributes                      0x0800cf8c   Data          36  freertos.o(.constdata)
    Motor_attributes                         0x0800cfb0   Data          36  freertos.o(.constdata)
    Standup_attributes                       0x0800cfd4   Data          36  freertos.o(.constdata)
    Jump_attributes                          0x0800cff8   Data          36  freertos.o(.constdata)
    Posture_attributes                       0x0800d01c   Data          36  freertos.o(.constdata)
    Process_attributes                       0x0800d040   Data          36  freertos.o(.constdata)
    AHBPrescTable                            0x0800d06c   Data          16  system_stm32f4xx.o(.constdata)
    APBPrescTable                            0x0800d07c   Data           8  system_stm32f4xx.o(.constdata)
    crc_ccitt_table                          0x0800d084   Data         512  go-m8010-6.o(.constdata)
    __mathlib_zero                           0x0800d538   Data           8  qnan.o(.constdata)
    Region$$Table$$Base                      0x0800d68c   Number         0  anon$$obj.o(Region$$Table)
    Region$$Table$$Limit                     0x0800d6ac   Number         0  anon$$obj.o(Region$$Table)
    AHRSHandle                               0x20000000   Data           4  freertos.o(.data)
    RemoCtrlHandle                           0x20000004   Data           4  freertos.o(.data)
    MotorHandle                              0x20000008   Data           4  freertos.o(.data)
    StandupHandle                            0x2000000c   Data           4  freertos.o(.data)
    JumpHandle                               0x20000010   Data           4  freertos.o(.data)
    PostureHandle                            0x20000014   Data           4  freertos.o(.data)
    ProcessHandle                            0x20000018   Data           4  freertos.o(.data)
    uwTick                                   0x2000001c   Data           4  stm32f4xx_hal.o(.data)
    uwTickPrio                               0x20000020   Data           4  stm32f4xx_hal.o(.data)
    uwTickFreq                               0x20000024   Data           1  stm32f4xx_hal.o(.data)
    SystemCoreClock                          0x20000028   Data           4  system_stm32f4xx.o(.data)
    pxCurrentTCB                             0x2000002c   Data           4  tasks.o(.data)
    jy901_on                                 0x200000ac   Data           1  jy901s.o(.data)
    ACCCALSW                                 0x200000ad   Data           5  jy901s.o(.data)
    ZRETURNZERO                              0x200000b2   Data           5  jy901s.o(.data)
    SAVACALSW                                0x200000b7   Data           5  jy901s.o(.data)
    SETBAUDRATE                              0x200000bc   Data           5  jy901s.o(.data)
    SET_AXIS_6                               0x200000c1   Data           5  jy901s.o(.data)
    SET_AXIS_9                               0x200000c6   Data           5  jy901s.o(.data)
    SETUNLOCK                                0x200000cb   Data           5  jy901s.o(.data)
    SETRSW                                   0x200000d0   Data           5  jy901s.o(.data)
    SETRATE                                  0x200000d5   Data           5  jy901s.o(.data)
    rc_sw_state                              0x200000da   Data           1  serial.o(.data)
    last_temp                                0x200000dc   Data           4  laser.o(.data)
    laser_bufsingle                          0x200000e0   Data           4  laser.o(.data)
    laser_bufcoiled                          0x200000e4   Data           4  laser.o(.data)
    action                                   0x200000e8   Data           1  vision.o(.data)
    ch7                                      0x200000e9   Data           6  vision.o(.data)
    now_time_t                               0x200000f0   Data           4  vision.o(.data)
    prev_time_t                              0x200000f4   Data           4  vision.o(.data)
    prev_distance                            0x200000f8   Data           4  vision.o(.data)
    Gait_Gains                               0x20000100   Data          16  gait_param.o(.data)
    state_gait_gains                         0x20000110   Data         160  gait_param.o(.data)
    gait_params                              0x200001b0   Data          28  gait_param.o(.data)
    state_gait_params                        0x200001cc   Data         504  gait_param.o(.data)
    state_detached_params                    0x200003c4   Data         448  gait_param.o(.data)
    RcDetachedParam                          0x20000584   Data         112  gait_param.o(.data)
    NowState                                 0x200005f4   Data           1  gait_param.o(.data)
    NowDir                                   0x200005f5   Data           1  gait_param.o(.data)
    Is_Aim_Angle_Get                         0x200005f6   Data           1  gait_param.o(.data)
    Last_Time                                0x200005f8   Data           4  gait_param.o(.data)
    Mode_Change_Flag                         0x200005fc   Data           1  gait_param.o(.data)
    get_num                                  0x20000600   Data           4  remoctrl_task.o(.data)
    flag_imu_line                            0x20000604   Data           1  remoctrl_task.o(.data)
    flag_slope                               0x20000605   Data           1  remoctrl_task.o(.data)
    creep_flag                               0x20000606   Data           1  remoctrl_task.o(.data)
    bt_rx_data                               0x20000608   Data           4  remoctrl_task.o(.data)
    btdbg_opt                                0x2000060c   Data           8  remoctrl_task.o(.data)
    Correction_Mode                          0x20000618   Data           1  ahrs_task.o(.data)
    step_len_initial                         0x2000061c   Data           4  ahrs_task.o(.data)
    step_high_initial                        0x20000620   Data           4  ahrs_task.o(.data)
    step_len_dev                             0x20000624   Data           4  ahrs_task.o(.data)
    step_high_dev                            0x20000628   Data           4  ahrs_task.o(.data)
    flight_percent_dev                       0x2000062c   Data           4  ahrs_task.o(.data)
    yaw_now                                  0x20000630   Data           4  ahrs_task.o(.data)
    yaw_set                                  0x20000634   Data           4  ahrs_task.o(.data)
    roll_set                                 0x20000638   Data           4  ahrs_task.o(.data)
    pitch_set                                0x2000063c   Data           4  ahrs_task.o(.data)
    roll_offset                              0x20000640   Data           4  ahrs_task.o(.data)
    pitch_offset                             0x20000644   Data           4  ahrs_task.o(.data)
    normal_params_l                          0x20000648   Data           4  ahrs_task.o(.data)
    normal_params_r                          0x2000064c   Data           4  ahrs_task.o(.data)
    imu_Leg_offset                           0x20000650   Data           4  ahrs_task.o(.data)
    Target_Angle                             0x20000654   Data           4  ahrs_task.o(.data)
    Standup_LegR_Offset                      0x2000065c   Data           4  standup_task.o(.data)
    Standup_LegL_Offset                      0x20000660   Data           4  standup_task.o(.data)
    LegLinit_onestep                         0x20000664   Data           4  standup_task.o(.data)
    LegRinit_onestep                         0x20000668   Data           4  standup_task.o(.data)
    LegLinit_twostep                         0x2000066c   Data           4  standup_task.o(.data)
    LegRinit_twostep                         0x20000670   Data           4  standup_task.o(.data)
    CREEP_LegR                               0x20000674   Data           4  standup_task.o(.data)
    CREEP_LegL                               0x20000678   Data           4  standup_task.o(.data)
    flag_creep_LR                            0x2000067c   Data           1  standup_task.o(.data)
    flag_Standup                             0x2000067d   Data           1  standup_task.o(.data)
    rate                                     0x2000067e   Data           1  standup_task.o(.data)
    ratetime                                 0x20000680   Data           2  standup_task.o(.data)
    high_angle                               0x20000682   Data           2  standup_task.o(.data)
    now_time                                 0x20000684   Data           4  posture_task.o(.data)
    smart_off                                0x20000688   Data           1  posture_task.o(.data)
    turn_flag                                0x20000689   Data           1  posture_task.o(.data)
    flag_change                              0x2000068a   Data           1  posture_task.o(.data)
    now_state                                0x2000068c   Data           4  posture_task.o(.data)
    go_back_flag                             0x20000690   Data           1  posture_task.o(.data)
    xuanzhuan_flag                           0x20000691   Data           1  posture_task.o(.data)
    jump_flag                                0x20000692   Data           1  posture_task.o(.data)
    high_jump_flag                           0x20000693   Data           1  posture_task.o(.data)
    flag_go                                  0x20000694   Data           1  posture_task.o(.data)
    flag_jump                                0x20000695   Data           1  posture_task.o(.data)
    Buttom                                   0x20000696   Data           6  posture_task.o(.data)
    end_t                                    0x2000069c   Data           1  posture_task.o(.data)
    start_time_jump                          0x200006a4   Data           4  jump_task.o(.data)
    flag_role                                0x200006a9   Data           1  stanford_type.o(.data)
    C_polar                                  0x200006ac   Data           8  vmc.o(.data)
    __microlib_freelist                      0x200006b4   Data           4  mvars.o(.data)
    __microlib_freelist_initialised          0x200006b8   Data           4  mvars.o(.data)
    huart4                                   0x200006c0   Data          68  usart.o(.bss)
    huart7                                   0x20000704   Data          68  usart.o(.bss)
    huart1                                   0x20000748   Data          68  usart.o(.bss)
    huart6                                   0x2000078c   Data          68  usart.o(.bss)
    huart8                                   0x200007d0   Data          68  usart.o(.bss)
    hdma_uart4_rx                            0x20000814   Data          96  usart.o(.bss)
    hdma_uart4_tx                            0x20000874   Data          96  usart.o(.bss)
    hdma_uart7_rx                            0x200008d4   Data          96  usart.o(.bss)
    hdma_uart7_tx                            0x20000934   Data          96  usart.o(.bss)
    hdma_uart8_tx                            0x20000994   Data          96  usart.o(.bss)
    hdma_uart8_rx                            0x200009f4   Data          96  usart.o(.bss)
    hdma_usart1_rx                           0x20000a54   Data          96  usart.o(.bss)
    htim6                                    0x20000ab4   Data          72  stm32f4xx_hal_timebase_tim.o(.bss)
    xQueueRegistry                           0x20000afc   Data          64  queue.o(.bss)
    Motor_T                                  0x200053d0   Data         512  go-motor.o(.bss)
    Motor_R                                  0x200055d0   Data         512  go-motor.o(.bss)
    PID_Position                             0x200057d0   Data         800  go-motor.o(.bss)
    PID_Speed                                0x20005af0   Data         800  go-motor.o(.bss)
    PID_IMU_Climbing                         0x20005e10   Data         100  go-motor.o(.bss)
    PID_IMU_Line                             0x20005e74   Data         100  go-motor.o(.bss)
    ch8                                      0x20005ed8   Data          11  jy901s.o(.bss)
    AttiAcc                                  0x20005ee8   Data          24  jy901s.o(.bss)
    AttiGyro                                 0x20005f00   Data          24  jy901s.o(.bss)
    AttiAngle                                0x20005f18   Data          24  jy901s.o(.bss)
    rc_data                                  0x20005f30   Data          18  serial.o(.bss)
    my_rc_ctrl                               0x20005f42   Data          24  serial.o(.bss)
    Laser1                                   0x20005f5c   Data          12  laser.o(.bss)
    ch4                                      0x20005f68   Data          11  laser.o(.bss)
    vision_Data                              0x20005f74   Data          36  vision.o(.bss)
    PID_Aim_Angle                            0x20005f98   Data          32  motor_task.o(.bss)
    StandUp_Angle_Individual                 0x20005fb8   Data          32  motor_task.o(.bss)
    detached_params                          0x20005fd8   Data         112  gait_param.o(.bss)
    Gait_Data                                0x20006048   Data          96  gait_param.o(.bss)
    Cycloid_Gen                              0x200060a8   Data         144  gait_param.o(.bss)
    Aim_Angle                                0x20006138   Data          32  gait_param.o(.bss)
    Now_Angle                                0x20006158   Data          12  ahrs_task.o(.bss)
    revise_LegLenth                          0x20006164   Data          16  ahrs_task.o(.bss)
    Initial_Angle                            0x20006174   Data          32  standup_task.o(.bss)
    aim_x                                    0x20006194   Data          16  posture_task.o(.bss)
    aim_y                                    0x200061a4   Data          16  posture_task.o(.bss)
    Leg                                      0x200061d4   Data          16  vmc.o(.bss)
    coo                                      0x200061e4   Data          24  vmc.o(.bss)
    __heap_base                              0x20006200   Data           0  startup_stm32f427xx.o(HEAP)
    __heap_limit                             0x20006400   Data           0  startup_stm32f427xx.o(HEAP)
    __initial_sp                             0x20006800   Data           0  startup_stm32f427xx.o(STACK)



==============================================================================

Memory Map of the image

  Image Entry point : 0x080001ad

  Load Region LR_IROM1 (Base: 0x08000000, Size: 0x0000dd6c, Max: 0x00200000, ABSOLUTE, COMPRESSED[0x0000d7f0])

    Execution Region ER_IROM1 (Exec base: 0x08000000, Load base: 0x08000000, Size: 0x0000d6ac, Max: 0x00200000, ABSOLUTE)

    Exec Addr    Load Addr    Size         Type   Attr      Idx    E Section Name        Object

    0x08000000   0x08000000   0x000001ac   Data   RO            3    RESET               startup_stm32f427xx.o
    0x080001ac   0x080001ac   0x00000000   Code   RO         6561  * .ARM.Collect$$$$00000000  mc_w.l(entry.o)
    0x080001ac   0x080001ac   0x00000004   Code   RO         6676    .ARM.Collect$$$$00000001  mc_w.l(entry2.o)
    0x080001b0   0x080001b0   0x00000004   Code   RO         6679    .ARM.Collect$$$$00000004  mc_w.l(entry5.o)
    0x080001b4   0x080001b4   0x00000000   Code   RO         6681    .ARM.Collect$$$$00000008  mc_w.l(entry7b.o)
    0x080001b4   0x080001b4   0x00000000   Code   RO         6683    .ARM.Collect$$$$0000000A  mc_w.l(entry8b.o)
    0x080001b4   0x080001b4   0x00000008   Code   RO         6684    .ARM.Collect$$$$0000000B  mc_w.l(entry9a.o)
    0x080001bc   0x080001bc   0x00000004   Code   RO         6691    .ARM.Collect$$$$0000000E  mc_w.l(entry12b.o)
    0x080001c0   0x080001c0   0x00000000   Code   RO         6686    .ARM.Collect$$$$0000000F  mc_w.l(entry10a.o)
    0x080001c0   0x080001c0   0x00000000   Code   RO         6688    .ARM.Collect$$$$00000011  mc_w.l(entry11a.o)
    0x080001c0   0x080001c0   0x00000004   Code   RO         6677    .ARM.Collect$$$$00002712  mc_w.l(entry2.o)
    0x080001c4   0x080001c4   0x000000be   Code   RO         5089    .emb_text           port.o
    0x08000282   0x08000282   0x00000002   PAD
    0x08000284   0x08000284   0x00000024   Code   RO            4    .text               startup_stm32f427xx.o
    0x080002a8   0x080002a8   0x00000062   Code   RO         6564    .text               mc_w.l(uldiv.o)
    0x0800030a   0x0800030a   0x00000024   Code   RO         6566    .text               mc_w.l(memcpya.o)
    0x0800032e   0x0800032e   0x00000024   Code   RO         6570    .text               mc_w.l(memseta.o)
    0x08000352   0x08000352   0x0000014e   Code   RO         6602    .text               mf_w.l(dadd.o)
    0x080004a0   0x080004a0   0x000000e4   Code   RO         6604    .text               mf_w.l(dmul.o)
    0x08000584   0x08000584   0x000000de   Code   RO         6606    .text               mf_w.l(ddiv.o)
    0x08000662   0x08000662   0x00000022   Code   RO         6610    .text               mf_w.l(dflti.o)
    0x08000684   0x08000684   0x0000001a   Code   RO         6612    .text               mf_w.l(dfltui.o)
    0x0800069e   0x0800069e   0x0000003e   Code   RO         6614    .text               mf_w.l(dfixi.o)
    0x080006dc   0x080006dc   0x00000026   Code   RO         6616    .text               mf_w.l(f2d.o)
    0x08000702   0x08000702   0x00000002   PAD
    0x08000704   0x08000704   0x00000030   Code   RO         6620    .text               mf_w.l(cdrcmple.o)
    0x08000734   0x08000734   0x00000038   Code   RO         6622    .text               mf_w.l(d2f.o)
    0x0800076c   0x0800076c   0x0000001e   Code   RO         6692    .text               mc_w.l(llshl.o)
    0x0800078a   0x0800078a   0x00000020   Code   RO         6694    .text               mc_w.l(llushr.o)
    0x080007aa   0x080007aa   0x00000024   Code   RO         6696    .text               mc_w.l(llsshr.o)
    0x080007ce   0x080007ce   0x00000000   Code   RO         6707    .text               mc_w.l(iusefp.o)
    0x080007ce   0x080007ce   0x0000006e   Code   RO         6708    .text               mf_w.l(fepilogue.o)
    0x0800083c   0x0800083c   0x00000052   Code   RO         6710    .text               mf_w.l(frem.o)
    0x0800088e   0x0800088e   0x000000ba   Code   RO         6712    .text               mf_w.l(depilogue.o)
    0x08000948   0x08000948   0x0000002e   Code   RO         6714    .text               mf_w.l(dscalb.o)
    0x08000976   0x08000976   0x000000a2   Code   RO         6716    .text               mf_w.l(dsqrt.o)
    0x08000a18   0x08000a18   0x00000024   Code   RO         6718    .text               mc_w.l(init.o)
    0x08000a3c   0x08000a3c   0x00000056   Code   RO         6728    .text               mc_w.l(__dczerorl2.o)
    0x08000a92   0x08000a92   0x00000002   PAD
    0x08000a94   0x08000a94   0x00000038   Code   RO         5724    i.AHRS_Task         ahrs_task.o
    0x08000acc   0x08000acc   0x00000004   Code   RO          504    i.BusFault_Handler  stm32f4xx_it.o
    0x08000ad0   0x08000ad0   0x0000015c   Code   RO         5766    i.CHANGE_HIGH       standup_task.o
    0x08000c2c   0x08000c2c   0x00000024   Code   RO         5768    i.CHANGE_KPW        standup_task.o
    0x08000c50   0x08000c50   0x00000020   Code   RO         5402    i.CalculateChecksum  laser.o
    0x08000c70   0x08000c70   0x000004e8   Code   RO         5826    i.Calculate_Gait    posture_task.o
    0x08001158   0x08001158   0x000000a0   Code   RO         6279    i.Change_Angle      high_angle.o
    0x080011f8   0x080011f8   0x00000038   Code   RO         5827    i.Change_NowState   posture_task.o
    0x08001230   0x08001230   0x00000390   Code   RO         5664    i.Change_RmVAL      remoctrl_task.o
    0x080015c0   0x080015c0   0x000002dc   Code   RO         5294    i.CopeSerial2Data   jy901s.o
    0x0800189c   0x0800189c   0x00000310   Code   RO         5665    i.Ctrl_byRemoctrl   remoctrl_task.o
    0x08001bac   0x08001bac   0x00000220   Code   RO         6023    i.Cycloid_Generator_Calc  cycloid_generator.o
    0x08001dcc   0x08001dcc   0x0000001c   Code   RO          505    i.DMA1_Stream0_IRQHandler  stm32f4xx_it.o
    0x08001de8   0x08001de8   0x00000010   Code   RO          506    i.DMA1_Stream1_IRQHandler  stm32f4xx_it.o
    0x08001df8   0x08001df8   0x00000010   Code   RO          507    i.DMA1_Stream2_IRQHandler  stm32f4xx_it.o
    0x08001e08   0x08001e08   0x00000010   Code   RO          508    i.DMA1_Stream3_IRQHandler  stm32f4xx_it.o
    0x08001e18   0x08001e18   0x00000010   Code   RO          509    i.DMA1_Stream4_IRQHandler  stm32f4xx_it.o
    0x08001e28   0x08001e28   0x00000010   Code   RO          510    i.DMA1_Stream6_IRQHandler  stm32f4xx_it.o
    0x08001e38   0x08001e38   0x00000010   Code   RO          511    i.DMA2_Stream2_IRQHandler  stm32f4xx_it.o
    0x08001e48   0x08001e48   0x00000010   Code   RO          512    i.DMA2_Stream5_IRQHandler  stm32f4xx_it.o
    0x08001e58   0x08001e58   0x00000034   Code   RO         1264    i.DMA_CalcBaseAndBitshift  stm32f4xx_hal_dma.o
    0x08001e8c   0x08001e8c   0x000000aa   Code   RO         1265    i.DMA_CheckFifoParam  stm32f4xx_hal_dma.o
    0x08001f36   0x08001f36   0x0000002c   Code   RO         1266    i.DMA_SetConfig     stm32f4xx_hal_dma.o
    0x08001f62   0x08001f62   0x00000002   Code   RO          513    i.DebugMon_Handler  stm32f4xx_it.o
    0x08001f64   0x08001f64   0x00000006   Code   RO           13    i.Error_Handler     main.o
    0x08001f6a   0x08001f6a   0x00000002   PAD
    0x08001f6c   0x08001f6c   0x0000003c   Code   RO         5231    i.GO_motor_position  go-motor.o
    0x08001fa8   0x08001fa8   0x000000ac   Code   RO         1267    i.HAL_DMA_Abort     stm32f4xx_hal_dma.o
    0x08002054   0x08002054   0x00000028   Code   RO         1268    i.HAL_DMA_Abort_IT  stm32f4xx_hal_dma.o
    0x0800207c   0x0800207c   0x00000240   Code   RO         1272    i.HAL_DMA_IRQHandler  stm32f4xx_hal_dma.o
    0x080022bc   0x080022bc   0x000000ec   Code   RO         1273    i.HAL_DMA_Init      stm32f4xx_hal_dma.o
    0x080023a8   0x080023a8   0x00000092   Code   RO         1277    i.HAL_DMA_Start_IT  stm32f4xx_hal_dma.o
    0x0800243a   0x0800243a   0x00000002   PAD
    0x0800243c   0x0800243c   0x00000028   Code   RO         1709    i.HAL_Delay         stm32f4xx_hal.o
    0x08002464   0x08002464   0x0000020c   Code   RO         1160    i.HAL_GPIO_Init     stm32f4xx_hal_gpio.o
    0x08002670   0x08002670   0x0000000c   Code   RO         1164    i.HAL_GPIO_WritePin  stm32f4xx_hal_gpio.o
    0x0800267c   0x0800267c   0x0000000c   Code   RO         1717    i.HAL_GetTick       stm32f4xx_hal.o
    0x08002688   0x08002688   0x00000018   Code   RO         1723    i.HAL_IncTick       stm32f4xx_hal.o
    0x080026a0   0x080026a0   0x0000003c   Code   RO         1724    i.HAL_Init          stm32f4xx_hal.o
    0x080026dc   0x080026dc   0x0000008c   Code   RO          664    i.HAL_InitTick      stm32f4xx_hal_timebase_tim.o
    0x08002768   0x08002768   0x00000054   Code   RO          640    i.HAL_MspInit       stm32f4xx_hal_msp.o
    0x080027bc   0x080027bc   0x00000020   Code   RO         1567    i.HAL_NVIC_EnableIRQ  stm32f4xx_hal_cortex.o
    0x080027dc   0x080027dc   0x0000007c   Code   RO         1573    i.HAL_NVIC_SetPriority  stm32f4xx_hal_cortex.o
    0x08002858   0x08002858   0x00000028   Code   RO         1574    i.HAL_NVIC_SetPriorityGrouping  stm32f4xx_hal_cortex.o
    0x08002880   0x08002880   0x0000008c   Code   RO         1496    i.HAL_PWREx_EnableOverDrive  stm32f4xx_hal_pwr_ex.o
    0x0800290c   0x0800290c   0x00000184   Code   RO          704    i.HAL_RCC_ClockConfig  stm32f4xx_hal_rcc.o
    0x08002a90   0x08002a90   0x00000044   Code   RO          708    i.HAL_RCC_GetClockConfig  stm32f4xx_hal_rcc.o
    0x08002ad4   0x08002ad4   0x0000000c   Code   RO          709    i.HAL_RCC_GetHCLKFreq  stm32f4xx_hal_rcc.o
    0x08002ae0   0x08002ae0   0x00000020   Code   RO          711    i.HAL_RCC_GetPCLK1Freq  stm32f4xx_hal_rcc.o
    0x08002b00   0x08002b00   0x00000020   Code   RO          712    i.HAL_RCC_GetPCLK2Freq  stm32f4xx_hal_rcc.o
    0x08002b20   0x08002b20   0x000000b0   Code   RO          713    i.HAL_RCC_GetSysClockFreq  stm32f4xx_hal_rcc.o
    0x08002bd0   0x08002bd0   0x0000049c   Code   RO          716    i.HAL_RCC_OscConfig  stm32f4xx_hal_rcc.o
    0x0800306c   0x0800306c   0x00000002   Code   RO         2689    i.HAL_TIMEx_BreakCallback  stm32f4xx_hal_tim_ex.o
    0x0800306e   0x0800306e   0x00000002   Code   RO         2690    i.HAL_TIMEx_CommutCallback  stm32f4xx_hal_tim_ex.o
    0x08003070   0x08003070   0x00000066   Code   RO         1974    i.HAL_TIM_Base_Init  stm32f4xx_hal_tim.o
    0x080030d6   0x080030d6   0x00000002   Code   RO         1976    i.HAL_TIM_Base_MspInit  stm32f4xx_hal_tim.o
    0x080030d8   0x080030d8   0x000000a8   Code   RO         1979    i.HAL_TIM_Base_Start_IT  stm32f4xx_hal_tim.o
    0x08003180   0x08003180   0x00000002   Code   RO         2008    i.HAL_TIM_IC_CaptureCallback  stm32f4xx_hal_tim.o
    0x08003182   0x08003182   0x00000196   Code   RO         2022    i.HAL_TIM_IRQHandler  stm32f4xx_hal_tim.o
    0x08003318   0x08003318   0x00000002   Code   RO         2025    i.HAL_TIM_OC_DelayElapsedCallback  stm32f4xx_hal_tim.o
    0x0800331a   0x0800331a   0x00000002   Code   RO         2052    i.HAL_TIM_PWM_PulseFinishedCallback  stm32f4xx_hal_tim.o
    0x0800331c   0x0800331c   0x00000018   Code   RO           14    i.HAL_TIM_PeriodElapsedCallback  main.o
    0x08003334   0x08003334   0x00000002   Code   RO         2065    i.HAL_TIM_TriggerCallback  stm32f4xx_hal_tim.o
    0x08003336   0x08003336   0x00000140   Code   RO         2964    i.HAL_UARTEx_ReceiveToIdle  stm32f4xx_hal_uart.o
    0x08003476   0x08003476   0x00000002   Code   RO         2967    i.HAL_UARTEx_RxEventCallback  stm32f4xx_hal_uart.o
    0x08003478   0x08003478   0x0000008a   Code   RO         2979    i.HAL_UART_DMAStop  stm32f4xx_hal_uart.o
    0x08003502   0x08003502   0x00000002   Code   RO         2981    i.HAL_UART_ErrorCallback  stm32f4xx_hal_uart.o
    0x08003504   0x08003504   0x000002e0   Code   RO         2984    i.HAL_UART_IRQHandler  stm32f4xx_hal_uart.o
    0x080037e4   0x080037e4   0x00000072   Code   RO         2985    i.HAL_UART_Init     stm32f4xx_hal_uart.o
    0x08003856   0x08003856   0x00000002   PAD
    0x08003858   0x08003858   0x000004dc   Code   RO          405    i.HAL_UART_MspInit  usart.o
    0x08003d34   0x08003d34   0x000000dc   Code   RO         2988    i.HAL_UART_Receive  stm32f4xx_hal_uart.o
    0x08003e10   0x08003e10   0x00000042   Code   RO         2989    i.HAL_UART_Receive_DMA  stm32f4xx_hal_uart.o
    0x08003e52   0x08003e52   0x00000002   PAD
    0x08003e54   0x08003e54   0x0000009c   Code   RO         5507    i.HAL_UART_RxCpltCallback  callback.o
    0x08003ef0   0x08003ef0   0x00000002   Code   RO         2992    i.HAL_UART_RxHalfCpltCallback  stm32f4xx_hal_uart.o
    0x08003ef2   0x08003ef2   0x000000d2   Code   RO         2993    i.HAL_UART_Transmit  stm32f4xx_hal_uart.o
    0x08003fc4   0x08003fc4   0x000000ac   Code   RO         2994    i.HAL_UART_Transmit_DMA  stm32f4xx_hal_uart.o
    0x08004070   0x08004070   0x00000002   Code   RO         2996    i.HAL_UART_TxCpltCallback  stm32f4xx_hal_uart.o
    0x08004072   0x08004072   0x00000002   Code   RO         2997    i.HAL_UART_TxHalfCpltCallback  stm32f4xx_hal_uart.o
    0x08004074   0x08004074   0x00000004   Code   RO          514    i.HardFault_Handler  stm32f4xx_it.o
    0x08004078   0x08004078   0x00000030   Code   RO         5918    i.JUMP_BACK_Limit   jump_task.o
    0x080040a8   0x080040a8   0x00000030   Code   RO         5919    i.JUMP_FORWARD_Limit  jump_task.o
    0x080040d8   0x080040d8   0x00000098   Code   RO         5295    i.JY901_Init        jy901s.o
    0x08004170   0x08004170   0x00000054   Code   RO         5296    i.JY901_Read        jy901s.o
    0x080041c4   0x080041c4   0x00000014   Code   RO         5297    i.JY901_sendcmd     jy901s.o
    0x080041d8   0x080041d8   0x000012d4   Code   RO         5920    i.Jump_OnlyOnce     jump_task.o
    0x080054ac   0x080054ac   0x00000040   Code   RO         5921    i.Jump_Task         jump_task.o
    0x080054ec   0x080054ec   0x0000010c   Code   RO         5403    i.Laser_DecodeDate  laser.o
    0x080055f8   0x080055f8   0x00000028   Code   RO         5404    i.Laser_Process_Init  laser.o
    0x08005620   0x08005620   0x00000098   Code   RO          380    i.MX_DMA_Init       dma.o
    0x080056b8   0x080056b8   0x000000bc   Code   RO          318    i.MX_FREERTOS_Init  freertos.o
    0x08005774   0x08005774   0x000001c8   Code   RO          294    i.MX_GPIO_Init      gpio.o
    0x0800593c   0x0800593c   0x00000044   Code   RO          406    i.MX_UART4_Init     usart.o
    0x08005980   0x08005980   0x00000044   Code   RO          407    i.MX_UART7_Init     usart.o
    0x080059c4   0x080059c4   0x00000038   Code   RO          409    i.MX_USART6_UART_Init  usart.o
    0x080059fc   0x080059fc   0x00000004   Code   RO          515    i.MemManage_Handler  stm32f4xx_it.o
    0x08005a00   0x08005a00   0x0000019c   Code   RO         5233    i.Motor_Init        go-motor.o
    0x08005b9c   0x08005b9c   0x000003dc   Code   RO         5585    i.Motor_Task        motor_task.o
    0x08005f78   0x08005f78   0x00000004   Code   RO          516    i.NMI_Handler       stm32f4xx_it.o
    0x08005f7c   0x08005f7c   0x00000038   Code   RO         5976    i.PID_Init          pid.o
    0x08005fb4   0x08005fb4   0x00000124   Code   RO         5922    i.Polar_setCoord    jump_task.o
    0x080060d8   0x080060d8   0x00000070   Code   RO         6051    i.Polar_toCartesian  stanford_type.o
    0x08006148   0x08006148   0x000001c0   Code   RO         5828    i.Posture_Task      posture_task.o
    0x08006308   0x08006308   0x00000020   Code   RO         5893    i.Process_Task      process_task.o
    0x08006328   0x08006328   0x00000018   Code   RO         5345    i.RC_Start          serial.o
    0x08006340   0x08006340   0x000000b4   Code   RO         5346    i.RC_Transform      serial.o
    0x080063f4   0x080063f4   0x00000014   Code   RO         5347    i.RemoCtrl_Data_Handle  serial.o
    0x08006408   0x08006408   0x00000024   Code   RO         5666    i.RemoCtrl_Task     remoctrl_task.o
    0x0800642c   0x0800642c   0x000000a4   Code   RO         5169    i.SERVO_Send_recv   go-m8010-6.o
    0x080064d0   0x080064d0   0x00000080   Code   RO         5769    i.Setdown           standup_task.o
    0x08006550   0x08006550   0x000001b4   Code   RO         5770    i.Standup_Task      standup_task.o
    0x08006704   0x08006704   0x0000000a   Code   RO           67    i.Stanford_Type_Lite_Init  main.o
    0x0800670e   0x0800670e   0x00000002   PAD
    0x08006710   0x08006710   0x000000e0   Code   RO         6055    i.Stanford_Type_Lite_Inverse_Kinematics  stanford_type.o
    0x080067f0   0x080067f0   0x0000000a   Code   RO           79    i.Stanford_Type_Lite_SetPosition  main.o
    0x080067fa   0x080067fa   0x00000016   Code   RO         4504    i.SysTick_Handler   cmsis_os2.o
    0x08006810   0x08006810   0x000000bc   Code   RO           15    i.SystemClock_Config  main.o
    0x080068cc   0x080068cc   0x00000014   Code   RO         3324    i.SystemInit        system_stm32f4xx.o
    0x080068e0   0x080068e0   0x00000010   Code   RO          517    i.TIM6_DAC_IRQHandler  stm32f4xx_it.o
    0x080068f0   0x080068f0   0x000000d8   Code   RO         2067    i.TIM_Base_SetConfig  stm32f4xx_hal_tim.o
    0x080069c8   0x080069c8   0x00000150   Code   RO         5829    i.Target_toMotor    posture_task.o
    0x08006b18   0x08006b18   0x00000010   Code   RO          518    i.UART4_IRQHandler  stm32f4xx_it.o
    0x08006b28   0x08006b28   0x00000010   Code   RO          519    i.UART7_IRQHandler  stm32f4xx_it.o
    0x08006b38   0x08006b38   0x000000e0   Code   RO          410    i.UART8_DMA_Config  usart.o
    0x08006c18   0x08006c18   0x00000010   Code   RO          520    i.UART8_IRQHandler  stm32f4xx_it.o
    0x08006c28   0x08006c28   0x00000044   Code   RO          411    i.UART8_Init        usart.o
    0x08006c6c   0x08006c6c   0x00000014   Code   RO         2998    i.UART_DMAAbortOnError  stm32f4xx_hal_uart.o
    0x08006c80   0x08006c80   0x00000050   Code   RO         2999    i.UART_DMAError     stm32f4xx_hal_uart.o
    0x08006cd0   0x08006cd0   0x000000b0   Code   RO         3000    i.UART_DMAReceiveCplt  stm32f4xx_hal_uart.o
    0x08006d80   0x08006d80   0x00000020   Code   RO         3002    i.UART_DMARxHalfCplt  stm32f4xx_hal_uart.o
    0x08006da0   0x08006da0   0x00000058   Code   RO         3004    i.UART_DMATransmitCplt  stm32f4xx_hal_uart.o
    0x08006df8   0x08006df8   0x0000000e   Code   RO         3006    i.UART_DMATxHalfCplt  stm32f4xx_hal_uart.o
    0x08006e06   0x08006e06   0x0000006c   Code   RO         3008    i.UART_EndRxTransfer  stm32f4xx_hal_uart.o
    0x08006e72   0x08006e72   0x00000020   Code   RO         3009    i.UART_EndTransmit_IT  stm32f4xx_hal_uart.o
    0x08006e92   0x08006e92   0x00000026   Code   RO         3010    i.UART_EndTxTransfer  stm32f4xx_hal_uart.o
    0x08006eb8   0x08006eb8   0x000000f8   Code   RO         3011    i.UART_Receive_IT   stm32f4xx_hal_uart.o
    0x08006fb0   0x08006fb0   0x0000022c   Code   RO         3012    i.UART_SetConfig    stm32f4xx_hal_uart.o
    0x080071dc   0x080071dc   0x000000cc   Code   RO         3013    i.UART_Start_Receive_DMA  stm32f4xx_hal_uart.o
    0x080072a8   0x080072a8   0x00000060   Code   RO         3015    i.UART_Transmit_IT  stm32f4xx_hal_uart.o
    0x08007308   0x08007308   0x00000092   Code   RO         3016    i.UART_WaitOnFlagUntilTimeout  stm32f4xx_hal_uart.o
    0x0800739a   0x0800739a   0x00000002   PAD
    0x0800739c   0x0800739c   0x00000088   Code   RO          412    i.USART1_DMA_Config  usart.o
    0x08007424   0x08007424   0x00000010   Code   RO          521    i.USART1_IRQHandler  stm32f4xx_it.o
    0x08007434   0x08007434   0x00000038   Code   RO          413    i.USART1_Init       usart.o
    0x0800746c   0x0800746c   0x00000034   Code   RO         5464    i.USART_VisionInit  vision.o
    0x080074a0   0x080074a0   0x00000004   Code   RO          522    i.UsageFault_Handler  stm32f4xx_it.o
    0x080074a4   0x080074a4   0x00000018   Code   RO         5830    i.VMC_TargetToMotor  posture_task.o
    0x080074bc   0x080074bc   0x000000e8   Code   RO         5465    i.Vision_DealDate   vision.o
    0x080075a4   0x080075a4   0x000000ec   Code   RO         5466    i.Vision_ReadDate   vision.o
    0x08007690   0x08007690   0x00000018   Code   RO         5667    i._UART_Receive_Bytes  remoctrl_task.o
    0x080076a8   0x080076a8   0x00000018   Code   RO         5668    i._UART_Transmit_Bytes  remoctrl_task.o
    0x080076c0   0x080076c0   0x00000030   Code   RO         6641    i.__ARM_fpclassify  m_wm.l(fpclassify.o)
    0x080076f0   0x080076f0   0x00000026   Code   RO         6643    i.__ARM_fpclassifyf  m_wm.l(fpclassifyf.o)
    0x08007716   0x08007716   0x00000002   PAD
    0x08007718   0x08007718   0x00000010   Code   RO         1580    i.__NVIC_GetPriorityGrouping  stm32f4xx_hal_cortex.o
    0x08007728   0x08007728   0x00000028   Code   RO         1581    i.__NVIC_SetPriority  stm32f4xx_hal_cortex.o
    0x08007750   0x08007750   0x00000006   Code   RO         4506    i.__get_IPSR        cmsis_os2.o
    0x08007756   0x08007756   0x00000002   PAD
    0x08007758   0x08007758   0x00000358   Code   RO         6379    i.__hardfp_acos     m_wm.l(acos.o)
    0x08007ab0   0x08007ab0   0x00000118   Code   RO         6393    i.__hardfp_acosf    m_wm.l(acosf.o)
    0x08007bc8   0x08007bc8   0x00000360   Code   RO         6405    i.__hardfp_asin     m_wm.l(asin.o)
    0x08007f28   0x08007f28   0x0000012c   Code   RO         6419    i.__hardfp_asinf    m_wm.l(asinf.o)
    0x08008054   0x08008054   0x00000004   PAD
    0x08008058   0x08008058   0x000002d8   Code   RO         6431    i.__hardfp_atan     m_wm.l(atan.o)
    0x08008330   0x08008330   0x000000c8   Code   RO         6457    i.__hardfp_cos      m_wm.l(cos.o)
    0x080083f8   0x080083f8   0x00000150   Code   RO         6469    i.__hardfp_cosf     m_wm.l(cosf.o)
    0x08008548   0x08008548   0x000000b0   Code   RO         6487    i.__hardfp_fmodf    m_wm.l(fmodf.o)
    0x080085f8   0x080085f8   0x00000c50   Code   RO         6499    i.__hardfp_pow      m_wm.l(pow.o)
    0x08009248   0x08009248   0x000000c8   Code   RO         6513    i.__hardfp_sin      m_wm.l(sin.o)
    0x08009310   0x08009310   0x00000190   Code   RO         6525    i.__hardfp_sinf     m_wm.l(sinf.o)
    0x080094a0   0x080094a0   0x0000003a   Code   RO         6549    i.__hardfp_sqrtf    m_wm.l(sqrtf.o)
    0x080094da   0x080094da   0x00000006   PAD
    0x080094e0   0x080094e0   0x00000438   Code   RO         6662    i.__ieee754_rem_pio2  m_wm.l(rred.o)
    0x08009918   0x08009918   0x00000170   Code   RO         6624    i.__kernel_cos      m_wm.l(cos_i.o)
    0x08009a88   0x08009a88   0x000000f8   Code   RO         6659    i.__kernel_poly     m_wm.l(poly.o)
    0x08009b80   0x08009b80   0x00000130   Code   RO         6670    i.__kernel_sin      m_wm.l(sin_i.o)
    0x08009cb0   0x08009cb0   0x00000030   Code   RO         6627    i.__mathlib_dbl_divzero  m_wm.l(dunder.o)
    0x08009ce0   0x08009ce0   0x00000014   Code   RO         6628    i.__mathlib_dbl_infnan  m_wm.l(dunder.o)
    0x08009cf4   0x08009cf4   0x00000014   Code   RO         6629    i.__mathlib_dbl_infnan2  m_wm.l(dunder.o)
    0x08009d08   0x08009d08   0x00000020   Code   RO         6630    i.__mathlib_dbl_invalid  m_wm.l(dunder.o)
    0x08009d28   0x08009d28   0x00000020   Code   RO         6631    i.__mathlib_dbl_overflow  m_wm.l(dunder.o)
    0x08009d48   0x08009d48   0x00000020   Code   RO         6633    i.__mathlib_dbl_underflow  m_wm.l(dunder.o)
    0x08009d68   0x08009d68   0x00000006   Code   RO         6646    i.__mathlib_flt_infnan  m_wm.l(funder.o)
    0x08009d6e   0x08009d6e   0x00000002   PAD
    0x08009d70   0x08009d70   0x00000010   Code   RO         6648    i.__mathlib_flt_invalid  m_wm.l(funder.o)
    0x08009d80   0x08009d80   0x00000010   Code   RO         6651    i.__mathlib_flt_underflow  m_wm.l(funder.o)
    0x08009d90   0x08009d90   0x00000154   Code   RO         6667    i.__mathlib_rredf2  m_wm.l(rredf.o)
    0x08009ee4   0x08009ee4   0x0000000e   Code   RO         6722    i.__scatterload_copy  mc_w.l(handlers.o)
    0x08009ef2   0x08009ef2   0x00000002   Code   RO         6723    i.__scatterload_null  mc_w.l(handlers.o)
    0x08009ef4   0x08009ef4   0x0000000e   Code   RO         6724    i.__scatterload_zeroinit  mc_w.l(handlers.o)
    0x08009f02   0x08009f02   0x00000002   PAD
    0x08009f04   0x08009f04   0x0000000c   Code   RO         6702    i.__set_errno       mc_w.l(errno.o)
    0x08009f10   0x08009f10   0x00000084   Code   RO         5725    i.caculate_LegRevise  ahrs_task.o
    0x08009f94   0x08009f94   0x00000028   Code   RO         5170    i.crc_ccitt         go-m8010-6.o
    0x08009fbc   0x08009fbc   0x00000018   Code   RO         5171    i.crc_ccitt_byte    go-m8010-6.o
    0x08009fd4   0x08009fd4   0x000000c0   Code   RO         5172    i.extract_data      go-m8010-6.o
    0x0800a094   0x0800a094   0x00000018   Code   RO         6483    i.fabs              m_wm.l(fabs.o)
    0x0800a0ac   0x0800a0ac   0x00000050   Code   RO         6574    i.free              mc_w.l(malloc.o)
    0x0800a0fc   0x0800a0fc   0x00000708   Code   RO         6242    i.get_angle         vmc.o
    0x0800a804   0x0800a804   0x0000018c   Code   RO           16    i.main              main.o
    0x0800a990   0x0800a990   0x0000006c   Code   RO         6575    i.malloc            mc_w.l(malloc.o)
    0x0800a9fc   0x0800a9fc   0x00000218   Code   RO         5173    i.modify_data       go-m8010-6.o
    0x0800ac14   0x0800ac14   0x0000001e   Code   RO         4507    i.osDelay           cmsis_os2.o
    0x0800ac32   0x0800ac32   0x00000002   PAD
    0x0800ac34   0x0800ac34   0x0000002c   Code   RO         4521    i.osKernelInitialize  cmsis_os2.o
    0x0800ac60   0x0800ac60   0x00000060   Code   RO         4524    i.osKernelStart     cmsis_os2.o
    0x0800acc0   0x0800acc0   0x000000b8   Code   RO         4566    i.osThreadNew       cmsis_os2.o
    0x0800ad78   0x0800ad78   0x00000026   Code   RO         4567    i.osThreadResume    cmsis_os2.o
    0x0800ad9e   0x0800ad9e   0x00000026   Code   RO         4569    i.osThreadSuspend   cmsis_os2.o
    0x0800adc4   0x0800adc4   0x0000007c   Code   RO         3941    i.prvAddCurrentTaskToDelayedList  tasks.o
    0x0800ae40   0x0800ae40   0x000000b8   Code   RO         3942    i.prvAddNewTaskToReadyList  tasks.o
    0x0800aef8   0x0800aef8   0x00000074   Code   RO         4317    i.prvCheckForValidListAndQueue  timers.o
    0x0800af6c   0x0800af6c   0x00000048   Code   RO         3943    i.prvCheckTasksWaitingTermination  tasks.o
    0x0800afb4   0x0800afb4   0x0000002a   Code   RO         3528    i.prvCopyDataFromQueue  queue.o
    0x0800afde   0x0800afde   0x0000007e   Code   RO         3529    i.prvCopyDataToQueue  queue.o
    0x0800b05c   0x0800b05c   0x00000050   Code   RO         3944    i.prvDeleteTCB      tasks.o
    0x0800b0ac   0x0800b0ac   0x00000028   Code   RO         4318    i.prvGetNextExpireTime  timers.o
    0x0800b0d4   0x0800b0d4   0x0000007c   Code   RO         5034    i.prvHeapInit       heap_4.o
    0x0800b150   0x0800b150   0x00000028   Code   RO         3945    i.prvIdleTask       tasks.o
    0x0800b178   0x0800b178   0x0000002a   Code   RO         3532    i.prvInitialiseNewQueue  queue.o
    0x0800b1a2   0x0800b1a2   0x000000be   Code   RO         3946    i.prvInitialiseNewTask  tasks.o
    0x0800b260   0x0800b260   0x00000068   Code   RO         3947    i.prvInitialiseTaskLists  tasks.o
    0x0800b2c8   0x0800b2c8   0x00000068   Code   RO         5035    i.prvInsertBlockIntoFreeList  heap_4.o
    0x0800b330   0x0800b330   0x00000058   Code   RO         4320    i.prvInsertTimerInActiveList  timers.o
    0x0800b388   0x0800b388   0x0000001a   Code   RO         3533    i.prvIsQueueEmpty   queue.o
    0x0800b3a2   0x0800b3a2   0x0000001e   Code   RO         3534    i.prvIsQueueFull    queue.o
    0x0800b3c0   0x0800b3c0   0x00000074   Code   RO         4321    i.prvProcessExpiredTimer  timers.o
    0x0800b434   0x0800b434   0x00000164   Code   RO         4322    i.prvProcessReceivedCommands  timers.o
    0x0800b598   0x0800b598   0x00000074   Code   RO         4323    i.prvProcessTimerOrBlockTask  timers.o
    0x0800b60c   0x0800b60c   0x00000034   Code   RO         3949    i.prvResetNextTaskUnblockTime  tasks.o
    0x0800b640   0x0800b640   0x0000002c   Code   RO         4324    i.prvSampleTimeNow  timers.o
    0x0800b66c   0x0800b66c   0x000000a4   Code   RO         4325    i.prvSwitchTimerLists  timers.o
    0x0800b710   0x0800b710   0x00000040   Code   RO         5090    i.prvTaskExitError  port.o
    0x0800b750   0x0800b750   0x00000058   Code   RO         3951    i.prvTaskIsTaskSuspended  tasks.o
    0x0800b7a8   0x0800b7a8   0x0000001a   Code   RO         4326    i.prvTimerTask      timers.o
    0x0800b7c2   0x0800b7c2   0x0000007e   Code   RO         3535    i.prvUnlockQueue    queue.o
    0x0800b840   0x0800b840   0x0000014c   Code   RO         5036    i.pvPortMalloc      heap_4.o
    0x0800b98c   0x0800b98c   0x0000002c   Code   RO         5091    i.pxPortInitialiseStack  port.o
    0x0800b9b8   0x0800b9b8   0x0000006e   Code   RO         6539    i.sqrt              m_wm.l(sqrt.o)
    0x0800ba26   0x0800ba26   0x0000003e   Code   RO         6551    i.sqrtf             m_wm.l(sqrtf.o)
    0x0800ba64   0x0800ba64   0x00000028   Code   RO         3488    i.uxListRemove      list.o
    0x0800ba8c   0x0800ba8c   0x00000018   Code   RO         4578    i.vApplicationGetIdleTaskMemory  cmsis_os2.o
    0x0800baa4   0x0800baa4   0x00000018   Code   RO         4579    i.vApplicationGetTimerTaskMemory  cmsis_os2.o
    0x0800babc   0x0800babc   0x0000001a   Code   RO         3489    i.vListInitialise   list.o
    0x0800bad6   0x0800bad6   0x00000006   Code   RO         3490    i.vListInitialiseItem  list.o
    0x0800badc   0x0800badc   0x00000034   Code   RO         3491    i.vListInsert       list.o
    0x0800bb10   0x0800bb10   0x00000018   Code   RO         3492    i.vListInsertEnd    list.o
    0x0800bb28   0x0800bb28   0x00000054   Code   RO         5093    i.vPortEnterCritical  port.o
    0x0800bb7c   0x0800bb7c   0x0000003c   Code   RO         5094    i.vPortExitCritical  port.o
    0x0800bbb8   0x0800bbb8   0x000000a4   Code   RO         5037    i.vPortFree         heap_4.o
    0x0800bc5c   0x0800bc5c   0x00000028   Code   RO         5095    i.vPortSetupTimerInterrupt  port.o
    0x0800bc84   0x0800bc84   0x00000078   Code   RO         5096    i.vPortValidateInterruptPriority  port.o
    0x0800bcfc   0x0800bcfc   0x0000002c   Code   RO         3541    i.vQueueAddToRegistry  queue.o
    0x0800bd28   0x0800bd28   0x0000004a   Code   RO         3545    i.vQueueWaitForMessageRestricted  queue.o
    0x0800bd72   0x0800bd72   0x00000002   PAD
    0x0800bd74   0x0800bd74   0x0000005c   Code   RO         3962    i.vTaskDelay        tasks.o
    0x0800bdd0   0x0800bdd0   0x000000d4   Code   RO         3963    i.vTaskDelayUntil   tasks.o
    0x0800bea4   0x0800bea4   0x00000018   Code   RO         3967    i.vTaskInternalSetTimeOutState  tasks.o
    0x0800bebc   0x0800bebc   0x0000000c   Code   RO         3968    i.vTaskMissedYield  tasks.o
    0x0800bec8   0x0800bec8   0x00000038   Code   RO         3970    i.vTaskPlaceOnEventList  tasks.o
    0x0800bf00   0x0800bf00   0x00000040   Code   RO         3971    i.vTaskPlaceOnEventListRestricted  tasks.o
    0x0800bf40   0x0800bf40   0x00000090   Code   RO         3976    i.vTaskResume       tasks.o
    0x0800bfd0   0x0800bfd0   0x000000b8   Code   RO         3979    i.vTaskStartScheduler  tasks.o
    0x0800c088   0x0800c088   0x000000c8   Code   RO         3980    i.vTaskSuspend      tasks.o
    0x0800c150   0x0800c150   0x00000010   Code   RO         3981    i.vTaskSuspendAll   tasks.o
    0x0800c160   0x0800c160   0x00000090   Code   RO         3982    i.vTaskSwitchContext  tasks.o
    0x0800c1f0   0x0800c1f0   0x00000168   Code   RO         5097    i.xPortStartScheduler  port.o
    0x0800c358   0x0800c358   0x00000034   Code   RO         5098    i.xPortSysTickHandler  port.o
    0x0800c38c   0x0800c38c   0x000000e0   Code   RO         3551    i.xQueueGenericCreateStatic  queue.o
    0x0800c46c   0x0800c46c   0x00000098   Code   RO         3552    i.xQueueGenericReset  queue.o
    0x0800c504   0x0800c504   0x000001a8   Code   RO         3553    i.xQueueGenericSend  queue.o
    0x0800c6ac   0x0800c6ac   0x000000fc   Code   RO         3554    i.xQueueGenericSendFromISR  queue.o
    0x0800c7a8   0x0800c7a8   0x00000168   Code   RO         3563    i.xQueueReceive     queue.o
    0x0800c910   0x0800c910   0x0000008c   Code   RO         3984    i.xTaskCheckForTimeOut  tasks.o
    0x0800c99c   0x0800c99c   0x00000064   Code   RO         3985    i.xTaskCreate       tasks.o
    0x0800ca00   0x0800ca00   0x000000ba   Code   RO         3986    i.xTaskCreateStatic  tasks.o
    0x0800caba   0x0800caba   0x00000002   PAD
    0x0800cabc   0x0800cabc   0x00000020   Code   RO         3990    i.xTaskGetSchedulerState  tasks.o
    0x0800cadc   0x0800cadc   0x0000000c   Code   RO         3991    i.xTaskGetTickCount  tasks.o
    0x0800cae8   0x0800cae8   0x00000144   Code   RO         3993    i.xTaskIncrementTick  tasks.o
    0x0800cc2c   0x0800cc2c   0x000000a4   Code   RO         3996    i.xTaskPriorityDisinherit  tasks.o
    0x0800ccd0   0x0800ccd0   0x00000098   Code   RO         3998    i.xTaskRemoveFromEventList  tasks.o
    0x0800cd68   0x0800cd68   0x00000104   Code   RO         3999    i.xTaskResumeAll    tasks.o
    0x0800ce6c   0x0800ce6c   0x00000078   Code   RO         4335    i.xTimerCreateTimerTask  timers.o
    0x0800cee4   0x0800cee4   0x00000084   Code   RO         4336    i.xTimerGenericCommand  timers.o
    0x0800cf68   0x0800cf68   0x000000fc   Data   RO          319    .constdata          freertos.o
    0x0800d064   0x0800d064   0x00000008   Data   RO         1279    .constdata          stm32f4xx_hal_dma.o
    0x0800d06c   0x0800d06c   0x00000018   Data   RO         3325    .constdata          system_stm32f4xx.o
    0x0800d084   0x0800d084   0x00000200   Data   RO         5174    .constdata          go-m8010-6.o
    0x0800d284   0x0800d284   0x00000020   Data   RO         5235    .constdata          go-motor.o
    0x0800d2a4   0x0800d2a4   0x000000a0   Data   RO         5924    .constdata          jump_task.o
    0x0800d344   0x0800d344   0x00000004   PAD
    0x0800d348   0x0800d348   0x00000050   Data   RO         6382    .constdata          m_wm.l(acos.o)
    0x0800d398   0x0800d398   0x00000050   Data   RO         6408    .constdata          m_wm.l(asin.o)
    0x0800d3e8   0x0800d3e8   0x00000098   Data   RO         6434    .constdata          m_wm.l(atan.o)
    0x0800d480   0x0800d480   0x00000088   Data   RO         6502    .constdata          m_wm.l(pow.o)
    0x0800d508   0x0800d508   0x00000030   Data   RO         6625    .constdata          m_wm.l(cos_i.o)
    0x0800d538   0x0800d538   0x00000008   Data   RO         6661    .constdata          m_wm.l(qnan.o)
    0x0800d540   0x0800d540   0x000000c8   Data   RO         6664    .constdata          m_wm.l(rred.o)
    0x0800d608   0x0800d608   0x00000020   Data   RO         6668    .constdata          m_wm.l(rredf.o)
    0x0800d628   0x0800d628   0x00000028   Data   RO         6671    .constdata          m_wm.l(sin_i.o)
    0x0800d650   0x0800d650   0x0000003c   Data   RO          320    .conststring        freertos.o
    0x0800d68c   0x0800d68c   0x00000020   Data   RO         6720    Region$$Table       anon$$obj.o


    Execution Region RW_IRAM2 (Exec base: 0x10000000, Load base: 0x0800d7f0, Size: 0x00000000, Max: 0x00010000, ABSOLUTE)

    **** No section assigned to this execution region ****


    Execution Region RW_IRAM1 (Exec base: 0x20000000, Load base: 0x0800d6ac, Size: 0x00006800, Max: 0x00030000, ABSOLUTE, COMPRESSED[0x00000144])

    Exec Addr    Load Addr    Size         Type   Attr      Idx    E Section Name        Object

    0x20000000   COMPRESSED   0x0000001c   Data   RW          321    .data               freertos.o
    0x2000001c   COMPRESSED   0x00000009   Data   RW         1731    .data               stm32f4xx_hal.o
    0x20000025   COMPRESSED   0x00000003   PAD
    0x20000028   COMPRESSED   0x00000004   Data   RW         3326    .data               system_stm32f4xx.o
    0x2000002c   COMPRESSED   0x0000003c   Data   RW         4002    .data               tasks.o
    0x20000068   COMPRESSED   0x00000014   Data   RW         4344    .data               timers.o
    0x2000007c   COMPRESSED   0x00000004   Data   RW         4581    .data               cmsis_os2.o
    0x20000080   COMPRESSED   0x00000020   Data   RW         5043    .data               heap_4.o
    0x200000a0   COMPRESSED   0x0000000c   Data   RW         5099    .data               port.o
    0x200000ac   COMPRESSED   0x0000002e   Data   RW         5299    .data               jy901s.o
    0x200000da   COMPRESSED   0x00000001   Data   RW         5349    .data               serial.o
    0x200000db   COMPRESSED   0x00000001   PAD
    0x200000dc   COMPRESSED   0x0000000c   Data   RW         5407    .data               laser.o
    0x200000e8   COMPRESSED   0x00000014   Data   RW         5468    .data               vision.o
    0x200000fc   COMPRESSED   0x00000004   Data   RW         5587    .data               motor_task.o
    0x20000100   COMPRESSED   0x000004fd   Data   RW         5640    .data               gait_param.o
    0x200005fd   COMPRESSED   0x00000003   PAD
    0x20000600   COMPRESSED   0x00000016   Data   RW         5670    .data               remoctrl_task.o
    0x20000616   COMPRESSED   0x00000002   PAD
    0x20000618   COMPRESSED   0x00000044   Data   RW         5727    .data               ahrs_task.o
    0x2000065c   COMPRESSED   0x00000028   Data   RW         5772    .data               standup_task.o
    0x20000684   COMPRESSED   0x00000020   Data   RW         5832    .data               posture_task.o
    0x200006a4   COMPRESSED   0x00000005   Data   RW         5925    .data               jump_task.o
    0x200006a9   COMPRESSED   0x00000001   Data   RW         6056    .data               stanford_type.o
    0x200006aa   COMPRESSED   0x00000002   PAD
    0x200006ac   COMPRESSED   0x00000008   Data   RW         6244    .data               vmc.o
    0x200006b4   COMPRESSED   0x00000004   Data   RW         6698    .data               mc_w.l(mvars.o)
    0x200006b8   COMPRESSED   0x00000004   Data   RW         6699    .data               mc_w.l(mvars.o)
    0x200006bc   COMPRESSED   0x00000004   Data   RW         6703    .data               mc_w.l(errno.o)
    0x200006c0        -       0x000003f4   Zero   RW          416    .bss                usart.o
    0x20000ab4        -       0x00000048   Zero   RW          667    .bss                stm32f4xx_hal_timebase_tim.o
    0x20000afc        -       0x00000040   Zero   RW         3567    .bss                queue.o
    0x20000b3c        -       0x000004c4   Zero   RW         4001    .bss                tasks.o
    0x20001000        -       0x00000118   Zero   RW         4343    .bss                timers.o
    0x20001118        -       0x000006b8   Zero   RW         4580    .bss                cmsis_os2.o
    0x200017d0        -       0x00003c00   Zero   RW         5042    .bss                heap_4.o
    0x200053d0        -       0x00000b08   Zero   RW         5234    .bss                go-motor.o
    0x20005ed8        -       0x00000058   Zero   RW         5298    .bss                jy901s.o
    0x20005f30        -       0x0000002a   Zero   RW         5348    .bss                serial.o
    0x20005f5a   COMPRESSED   0x00000002   PAD
    0x20005f5c        -       0x00000017   Zero   RW         5406    .bss                laser.o
    0x20005f73   COMPRESSED   0x00000001   PAD
    0x20005f74        -       0x00000024   Zero   RW         5467    .bss                vision.o
    0x20005f98        -       0x00000040   Zero   RW         5586    .bss                motor_task.o
    0x20005fd8        -       0x00000180   Zero   RW         5639    .bss                gait_param.o
    0x20006158        -       0x0000001c   Zero   RW         5726    .bss                ahrs_task.o
    0x20006174        -       0x00000020   Zero   RW         5771    .bss                standup_task.o
    0x20006194        -       0x00000020   Zero   RW         5831    .bss                posture_task.o
    0x200061b4        -       0x00000020   Zero   RW         5923    .bss                jump_task.o
    0x200061d4        -       0x00000028   Zero   RW         6243    .bss                vmc.o
    0x200061fc   COMPRESSED   0x00000004   PAD
    0x20006200        -       0x00000200   Zero   RW            2    HEAP                startup_stm32f427xx.o
    0x20006400        -       0x00000400   Zero   RW            1    STACK               startup_stm32f427xx.o


==============================================================================

Image component sizes


      Code (inc. data)   RO Data    RW Data    ZI Data      Debug   Object Name

       188         40          0         68         28       5567   ahrs_task.o
       156         42          0          0          0       1102   callback.o
       506         38          0          4       1720      66542   cmsis_os2.o
       544         24          0          0          0       1567   cycloid_generator.o
       152          6          0          0          0        854   dma.o
         0          0          0          0          0      19508   event_groups.o
       188         86        312         28          0       2680   freertos.o
         0          0          0       1277        384       2154   gait_param.o
       956         78        512          0          0       4493   go-m8010-6.o
       472         52         32          0       2824       2440   go-motor.o
       456         28          0          0          0       1259   gpio.o
       724         74          0         32      15360       4915   heap_4.o
       160         36          0          0          0        543   high_angle.o
      5272        438        160          5         32      10594   jump_task.o
       988         92          0         46         88       5861   jy901s.o
       340         22          0         12         23       3471   laser.o
       148          0          0          0          0       3614   list.o
       634         52          0          0          0     765003   main.o
       988         60          0          4         64       2172   motor_task.o
        56          0          0          0          0       1871   pid.o
      1014         92          0         12          0      11777   port.o
      2120        180          0         32         32       5445   posture_task.o
        32          8          0          0          0        535   process_task.o
      1922         20          0          0         64      17508   queue.o
      1780         92          0         22          0       6885   remoctrl_task.o
       224         16          0          1         42       4502   serial.o
       948        154          0         40         32       5416   standup_task.o
       336         14          0          1          0       2896   stanford_type.o
        36          8        428          0       1536        844   startup_stm32f427xx.o
       136         24          0          9          0       8914   stm32f4xx_hal.o
       252         22          0          0          0      33722   stm32f4xx_hal_cortex.o
      1436         16          8          0          0       7082   stm32f4xx_hal_dma.o
       536         52          0          0          0       2148   stm32f4xx_hal_gpio.o
        84          6          0          0          0        874   stm32f4xx_hal_msp.o
       140         12          0          0          0       1292   stm32f4xx_hal_pwr_ex.o
      1888         94          0          0          0       6321   stm32f4xx_hal_rcc.o
       902         76          0          0          0       6522   stm32f4xx_hal_tim.o
         4          0          0          0          0       1585   stm32f4xx_hal_tim_ex.o
       140         18          0          0         72       1487   stm32f4xx_hal_timebase_tim.o
      3824         38          0          0          0      22239   stm32f4xx_hal_uart.o
       242         82          0          0          0       9468   stm32f4xx_it.o
         0          0          0          0          0        408   stream_buffer.o
        20          6         24          4          0       1151   system_stm32f4xx.o
      3452        408          0         60       1220      31477   tasks.o
      1318        124          0         20        280      32991   timers.o
      1920        174          0          0       1012       6571   usart.o
       520         38          0         20         36       3385   vision.o
      1800         54          0          8         40       1390   vmc.o

    ----------------------------------------------------------------------
     39976       2996       1512       1716      24896    1141045   Object Totals
         0          0         32          0          0          0   (incl. Generated)
        22          0          4         11          7          0   (incl. Padding)

    ----------------------------------------------------------------------

      Code (inc. data)   RO Data    RW Data    ZI Data      Debug   Library Member Name

       856        118         80          0          0        288   acos.o
       280         46          0          0          0        176   acosf.o
       864         94         80          0          0        280   asin.o
       300         42          0          0          0        176   asinf.o
       728        106        152          0          0        228   atan.o
       200         20          0          0          0        164   cos.o
       368         46         48          0          0        200   cos_i.o
       336         56          0          0          0        136   cosf.o
       184         44          0          0          0        744   dunder.o
        24          0          0          0          0        124   fabs.o
       176          0          0          0          0        168   fmodf.o
        48          0          0          0          0        124   fpclassify.o
        38          0          0          0          0        116   fpclassifyf.o
        38         12          0          0          0        348   funder.o
       248          0          0          0          0        152   poly.o
      3152        296        136          0          0        352   pow.o
         0          0          8          0          0          0   qnan.o
      1080        142        200          0          0        188   rred.o
       340         24         32          0          0        160   rredf.o
       200         20          0          0          0        164   sin.o
       304         24         40          0          0        208   sin_i.o
       400         56          0          0          0        212   sinf.o
       110          0          0          0          0        148   sqrt.o
       120          0          0          0          0        272   sqrtf.o
        86          0          0          0          0          0   __dczerorl2.o
         0          0          0          0          0          0   entry.o
         0          0          0          0          0          0   entry10a.o
         0          0          0          0          0          0   entry11a.o
         4          0          0          0          0          0   entry12b.o
         8          4          0          0          0          0   entry2.o
         4          0          0          0          0          0   entry5.o
         0          0          0          0          0          0   entry7b.o
         0          0          0          0          0          0   entry8b.o
         8          4          0          0          0          0   entry9a.o
        12          6          0          4          0         68   errno.o
        30          0          0          0          0          0   handlers.o
        36          8          0          0          0         68   init.o
         0          0          0          0          0          0   iusefp.o
        30          0          0          0          0         68   llshl.o
        36          0          0          0          0         68   llsshr.o
        32          0          0          0          0         68   llushr.o
       188         20          0          0          0        160   malloc.o
        36          0          0          0          0         68   memcpya.o
        36          0          0          0          0        108   memseta.o
         0          0          0          8          0          0   mvars.o
        98          0          0          0          0         92   uldiv.o
        48          0          0          0          0         68   cdrcmple.o
        56          0          0          0          0         88   d2f.o
       334          0          0          0          0        148   dadd.o
       222          0          0          0          0        100   ddiv.o
       186          0          0          0          0        176   depilogue.o
        62          0          0          0          0         80   dfixi.o
        34          0          0          0          0         76   dflti.o
        26          0          0          0          0         76   dfltui.o
       228          0          0          0          0         96   dmul.o
        46          0          0          0          0         80   dscalb.o
       162          0          0          0          0        100   dsqrt.o
        38          0          0          0          0         68   f2d.o
       110          0          0          0          0        168   fepilogue.o
        82          0          0          0          0         96   frem.o

    ----------------------------------------------------------------------
     12692       1192        776         12          0       7316   Library Totals
        20          4          0          0          0          0   (incl. Padding)

    ----------------------------------------------------------------------

      Code (inc. data)   RO Data    RW Data    ZI Data      Debug   Library Name

     10394       1146        776          0          0       5128   m_wm.l
       644         42          0         12          0        768   mc_w.l
      1634          0          0          0          0       1420   mf_w.l

    ----------------------------------------------------------------------
     12692       1192        776         12          0       7316   Library Totals

    ----------------------------------------------------------------------

==============================================================================


      Code (inc. data)   RO Data    RW Data    ZI Data      Debug   

     52668       4188       2288       1728      24896    1122053   Grand Totals
     52668       4188       2288        324      24896    1122053   ELF Image Totals (compressed)
     52668       4188       2288        324          0          0   ROM Totals

==============================================================================

    Total RO  Size (Code + RO Data)                54956 (  53.67kB)
    Total RW  Size (RW Data + ZI Data)             26624 (  26.00kB)
    Total ROM Size (Code + RO Data + RW Data)      55280 (  53.98kB)

==============================================================================

